
[1m[7m[36m RUN [39m[27m[22m [36mv2.1.9 [39m[90mC:/dev/SMAP/frontend[39m

 [32m✓[39m src/app/__tests__/guards.test.ts [2m([22m[2m11 tests[22m[2m)[22m[90m 11[2mms[22m[39m
[90mstderr[2m | src/slices/identity/__tests__/ChangeEmailView.test.ts[2m > [22m[2mChangeEmailView[2m > [22m[2mrenders without errors
[22m[39m[intlify] Not found 'identity.changeEmail.title' key in 'en' locale messages.
[intlify] Not found 'identity.changeEmail.newEmail' key in 'en' locale messages.
[intlify] Not found 'identity.changeEmail.password' key in 'en' locale messages.
[intlify] Not found 'identity.changeEmail.submit' key in 'en' locale messages.

[90mstderr[2m | src/slices/identity/__tests__/ChangeEmailView.test.ts[2m > [22m[2mChangeEmailView[2m > [22m[2mshows email and password fields
[22m[39m[intlify] Not found 'identity.changeEmail.title' key in 'en' locale messages.
[intlify] Not found 'identity.changeEmail.newEmail' key in 'en' locale messages.
[intlify] Not found 'identity.changeEmail.password' key in 'en' locale messages.
[intlify] Not found 'identity.changeEmail.submit' key in 'en' locale messages.

[90mstderr[2m | src/slices/identity/__tests__/ChangeEmailView.test.ts[2m > [22m[2mChangeEmailView[2m > [22m[2mhides form and shows confirmation after success
[22m[39m[intlify] Not found 'identity.changeEmail.title' key in 'en' locale messages.
[intlify] Not found 'identity.changeEmail.newEmail' key in 'en' locale messages.
[intlify] Not found 'identity.changeEmail.password' key in 'en' locale messages.
[intlify] Not found 'identity.changeEmail.submit' key in 'en' locale messages.
[intlify] Not found 'identity.changeEmail.title' key in 'en' locale messages.
[intlify] Not found 'identity.changeEmail.newEmail' key in 'en' locale messages.
[intlify] Not found 'identity.changeEmail.password' key in 'en' locale messages.
[intlify] Not found 'identity.changeEmail.submit' key in 'en' locale messages.
[intlify] Not found 'identity.changeEmail.title' key in 'en' locale messages.
[intlify] Not found 'identity.changeEmail.newEmail' key in 'en' locale messages.
[intlify] Not found 'identity.changeEmail.password' key in 'en' locale messages.
[intlify] Not found 'identity.changeEmail.submit' key in 'en' locale messages.
[intlify] Not found 'identity.changeEmail.title' key in 'en' locale messages.
[intlify] Not found 'identity.changeEmail.newEmail' key in 'en' locale messages.
[intlify] Not found 'identity.changeEmail.password' key in 'en' locale messages.
[intlify] Not found 'identity.changeEmail.submit' key in 'en' locale messages.
[intlify] Not found 'identity.changeEmail.title' key in 'en' locale messages.
[intlify] Not found 'identity.verifyEmail.verifying' key in 'en' locale messages.

 [32m✓[39m src/slices/identity/__tests__/ChangeEmailView.test.ts [2m([22m[2m3 tests[22m[2m)[22m[90m 175[2mms[22m[39m
[90mstderr[2m | src/slices/keys/__tests__/KeyDetailView.test.ts[2m > [22m[2mKeyDetailView[2m > [22m[2mrenders without errors
[22m[39m[intlify] Not found 'keys.detail.title' key in 'en' locale messages.
[intlify] Not found 'keys.detail.notFound' key in 'en' locale messages.

[90mstderr[2m | src/slices/keys/__tests__/KeyDetailView.test.ts[2m > [22m[2mKeyDetailView[2m > [22m[2mshows key details when key is found
[22m[39m[intlify] Not found 'keys.detail.title' key in 'en' locale messages.
[intlify] Not found 'keys.detail.notFound' key in 'en' locale messages.
[intlify] Not found 'keys.detail.title' key in 'en' locale messages.
[intlify] Not found 'keys.detail.provider' key in 'en' locale messages.
[intlify] Not found 'keys.detail.name' key in 'en' locale messages.
[intlify] Not found 'keys.detail.preview' key in 'en' locale messages.
[intlify] Not found 'keys.detail.status' key in 'en' locale messages.
[intlify] Not found 'keys.detail.lastTest' key in 'en' locale messages.
[intlify] Not found 'keys.detail.retest' key in 'en' locale messages.
[intlify] Not found 'keys.detail.delete' key in 'en' locale messages.

 [32m✓[39m src/slices/keys/__tests__/KeyDetailView.test.ts [2m([22m[2m2 tests[22m[2m)[22m[90m 222[2mms[22m[39m
[90mstderr[2m | src/slices/identity/__tests__/PasswordResetRequestView.test.ts[2m > [22m[2mPasswordResetRequestView[2m > [22m[2mrenders without errors
[22m[39m[intlify] Not found 'identity.passwordReset.requestTitle' key in 'en' locale messages.
[intlify] Not found 'identity.login.email' key in 'en' locale messages.
[intlify] Not found 'identity.passwordReset.requestSubmit' key in 'en' locale messages.

[90mstderr[2m | src/slices/identity/__tests__/PasswordResetRequestView.test.ts[2m > [22m[2mPasswordResetRequestView[2m > [22m[2mshows email input and submit button
[22m[39m[intlify] Not found 'identity.passwordReset.requestTitle' key in 'en' locale messages.
[intlify] Not found 'identity.login.email' key in 'en' locale messages.
[intlify] Not found 'identity.passwordReset.requestSubmit' key in 'en' locale messages.

[90mstderr[2m | src/slices/identity/__tests__/PasswordResetRequestView.test.ts[2m > [22m[2mPasswordResetRequestView[2m > [22m[2mshows success message after submit
[22m[39m[intlify] Not found 'identity.passwordReset.requestTitle' key in 'en' locale messages.
[intlify] Not found 'identity.login.email' key in 'en' locale messages.
[intlify] Not found 'identity.passwordReset.requestSubmit' key in 'en' locale messages.
[intlify] Not found 'identity.passwordReset.requestTitle' key in 'en' locale messages.
[intlify] Not found 'identity.login.email' key in 'en' locale messages.
[intlify] Not found 'identity.passwordReset.requestSubmit' key in 'en' locale messages.
[intlify] Not found 'identity.passwordReset.requestTitle' key in 'en' locale messages.
[intlify] Not found 'identity.login.email' key in 'en' locale messages.
[intlify] Not found 'identity.passwordReset.requestSubmit' key in 'en' locale messages.
[MSW] Warning: intercepted a request without a matching request handler:

  • POST /api/auth/request-password-reset

  • Request body: {"email":"user@example.com"}

If you still wish to intercept this unhandled request, please create a request handler for it.
Read more: https://mswjs.io/docs/getting-started/mocks

 [31m❯[39m src/slices/identity/__tests__/PasswordResetRequestView.test.ts [2m([22m[2m3 tests[22m[2m | [22m[31m1 failed[39m[2m)[22m[33m 338[2mms[22m[39m
[31m   [31m×[31m PasswordResetRequestView[2m > [22mshows success message after submit[90m 260[2mms[22m[31m[39m
[31m     → expected true to be false // Object.is equality[39m
[90mstderr[2m | src/slices/workflow/__tests__/WorkflowRunsListView.test.ts[2m > [22m[2mWorkflowRunsListView[2m > [22m[2mrenders without errors
[22m[39m[intlify] Not found 'workflow.runs.title' key in 'en' locale messages.
[intlify] Not found 'workflow.runs.triggerManual' key in 'en' locale messages.
[intlify] Not found 'workflow.runs.includeArchive' key in 'en' locale messages.
[intlify] Not found 'workflow.runs.backToList' key in 'en' locale messages.

[90mstderr[2m | src/slices/workflow/__tests__/WorkflowRunsListView.test.ts[2m > [22m[2mWorkflowRunsListView[2m > [22m[2mshows the trigger button
[22m[39m[intlify] Not found 'workflow.runs.title' key in 'en' locale messages.
[intlify] Not found 'workflow.runs.triggerManual' key in 'en' locale messages.
[intlify] Not found 'workflow.runs.includeArchive' key in 'en' locale messages.
[intlify] Not found 'workflow.runs.backToList' key in 'en' locale messages.

[90mstderr[2m | src/slices/workflow/__tests__/WorkflowRunsListView.test.ts
[22m[39m[intlify] Not found 'workflow.runs.title' key in 'en' locale messages.
[intlify] Not found 'workflow.runs.triggerManual' key in 'en' locale messages.
[intlify] Not found 'workflow.runs.includeArchive' key in 'en' locale messages.
[intlify] Not found 'workflow.runs.empty' key in 'en' locale messages.
[intlify] Not found 'workflow.runs.backToList' key in 'en' locale messages.
[intlify] Not found 'workflow.runs.title' key in 'en' locale messages.
[intlify] Not found 'workflow.runs.triggerManual' key in 'en' locale messages.
[intlify] Not found 'workflow.runs.includeArchive' key in 'en' locale messages.
[intlify] Not found 'workflow.runs.empty' key in 'en' locale messages.
[intlify] Not found 'workflow.runs.backToList' key in 'en' locale messages.

 [32m✓[39m src/slices/workflow/__tests__/WorkflowRunsListView.test.ts [2m([22m[2m2 tests[22m[2m)[22m[33m 343[2mms[22m[39m
[90mstderr[2m | src/slices/admin/__tests__/AdminAuditView.test.ts[2m > [22m[2mAdminAuditView[2m > [22m[2mrenders without errors
[22m[39m[intlify] Not found 'admin.audit.title' key in 'en' locale messages.
[intlify] Not found 'admin.audit.action' key in 'en' locale messages.
[intlify] Not found 'admin.audit.actorUserId' key in 'en' locale messages.
[intlify] Not found 'admin.audit.resourceType' key in 'en' locale messages.
[intlify] Not found 'admin.audit.resourceId' key in 'en' locale messages.
[intlify] Not found 'admin.audit.ipPrefix' key in 'en' locale messages.
[intlify] Not found 'admin.audit.sessionId' key in 'en' locale messages.
[intlify] Not found 'admin.users.search' key in 'en' locale messages.
[intlify] Not found 'admin.audit.export' key in 'en' locale messages.

[90mstderr[2m | src/slices/admin/__tests__/AdminAuditView.test.ts[2m > [22m[2mAdminAuditView[2m > [22m[2mrenders the filter form with multiple inputs
[22m[39m[intlify] Not found 'admin.audit.title' key in 'en' locale messages.
[intlify] Not found 'admin.audit.action' key in 'en' locale messages.
[intlify] Not found 'admin.audit.actorUserId' key in 'en' locale messages.
[intlify] Not found 'admin.audit.resourceType' key in 'en' locale messages.
[intlify] Not found 'admin.audit.resourceId' key in 'en' locale messages.
[intlify] Not found 'admin.audit.ipPrefix' key in 'en' locale messages.
[intlify] Not found 'admin.audit.sessionId' key in 'en' locale messages.
[intlify] Not found 'admin.users.search' key in 'en' locale messages.
[intlify] Not found 'admin.audit.export' key in 'en' locale messages.

[90mstderr[2m | src/slices/admin/__tests__/AdminAuditView.test.ts[2m > [22m[2mAdminAuditView[2m > [22m[2mrenders audit log rows when data is loaded
[22m[39m[intlify] Not found 'admin.audit.title' key in 'en' locale messages.
[intlify] Not found 'admin.audit.action' key in 'en' locale messages.
[intlify] Not found 'admin.audit.actorUserId' key in 'en' locale messages.
[intlify] Not found 'admin.audit.resourceType' key in 'en' locale messages.
[intlify] Not found 'admin.audit.resourceId' key in 'en' locale messages.
[intlify] Not found 'admin.audit.ipPrefix' key in 'en' locale messages.
[intlify] Not found 'admin.audit.sessionId' key in 'en' locale messages.
[intlify] Not found 'admin.users.search' key in 'en' locale messages.
[intlify] Not found 'admin.audit.export' key in 'en' locale messages.
[intlify] Not found 'admin.audit.action' key in 'en' locale messages.
[intlify] Not found 'admin.audit.actorUserId' key in 'en' locale messages.
[intlify] Not found 'admin.audit.resourceType' key in 'en' locale messages.
[intlify] Not found 'admin.audit.resourceId' key in 'en' locale messages.
[intlify] Not found 'admin.audit.ipPrefix' key in 'en' locale messages.
[intlify] Not found 'admin.users.created' key in 'en' locale messages.
[intlify] Not found 'admin.audit.title' key in 'en' locale messages.
[intlify] Not found 'admin.audit.action' key in 'en' locale messages.
[intlify] Not found 'admin.audit.actorUserId' key in 'en' locale messages.
[intlify] Not found 'admin.audit.resourceType' key in 'en' locale messages.
[intlify] Not found 'admin.audit.resourceId' key in 'en' locale messages.
[intlify] Not found 'admin.audit.ipPrefix' key in 'en' locale messages.
[intlify] Not found 'admin.audit.sessionId' key in 'en' locale messages.
[intlify] Not found 'admin.users.search' key in 'en' locale messages.
[intlify] Not found 'admin.audit.export' key in 'en' locale messages.
[intlify] Not found 'admin.audit.title' key in 'en' locale messages.
[intlify] Not found 'admin.audit.action' key in 'en' locale messages.
[intlify] Not found 'admin.audit.actorUserId' key in 'en' locale messages.
[intlify] Not found 'admin.audit.resourceType' key in 'en' locale messages.
[intlify] Not found 'admin.audit.resourceId' key in 'en' locale messages.
[intlify] Not found 'admin.audit.ipPrefix' key in 'en' locale messages.
[intlify] Not found 'admin.audit.sessionId' key in 'en' locale messages.
[intlify] Not found 'admin.users.search' key in 'en' locale messages.
[intlify] Not found 'admin.audit.export' key in 'en' locale messages.
[intlify] Not found 'admin.audit.action' key in 'en' locale messages.
[intlify] Not found 'admin.audit.actorUserId' key in 'en' locale messages.
[intlify] Not found 'admin.audit.resourceType' key in 'en' locale messages.
[intlify] Not found 'admin.audit.resourceId' key in 'en' locale messages.
[intlify] Not found 'admin.audit.ipPrefix' key in 'en' locale messages.
[intlify] Not found 'admin.users.created' key in 'en' locale messages.
[intlify] Not found 'admin.audit.title' key in 'en' locale messages.
[intlify] Not found 'admin.audit.action' key in 'en' locale messages.
[intlify] Not found 'admin.audit.actorUserId' key in 'en' locale messages.
[intlify] Not found 'admin.audit.resourceType' key in 'en' locale messages.
[intlify] Not found 'admin.audit.resourceId' key in 'en' locale messages.
[intlify] Not found 'admin.audit.ipPrefix' key in 'en' locale messages.
[intlify] Not found 'admin.audit.sessionId' key in 'en' locale messages.
[intlify] Not found 'admin.users.search' key in 'en' locale messages.
[intlify] Not found 'admin.audit.export' key in 'en' locale messages.
[intlify] Not found 'admin.audit.action' key in 'en' locale messages.
[intlify] Not found 'admin.audit.actorUserId' key in 'en' locale messages.
[intlify] Not found 'admin.audit.resourceType' key in 'en' locale messages.
[intlify] Not found 'admin.audit.resourceId' key in 'en' locale messages.
[intlify] Not found 'admin.audit.ipPrefix' key in 'en' locale messages.
[intlify] Not found 'admin.users.created' key in 'en' locale messages.

 [32m✓[39m src/slices/admin/__tests__/AdminAuditView.test.ts [2m([22m[2m3 tests[22m[2m)[22m[33m 516[2mms[22m[39m
