
[1m[7m[36m RUN [39m[27m[22m [36mv2.1.9 [39m[90mC:/dev/SMAP/frontend[39m

 [32m✓[39m src/app/__tests__/guards.test.ts [2m([22m[2m11 tests[22m[2m)[22m[90m 16[2mms[22m[39m
[90mstderr[2m | src/slices/identity/__tests__/ChangeEmailView.test.ts[2m > [22m[2mChangeEmailView[2m > [22m[2mrenders without errors
[22m[39m[intlify] Not found 'identity.changeEmail.title' key in 'en' locale messages.
[intlify] Not found 'identity.changeEmail.newEmail' key in 'en' locale messages.
[intlify] Not found 'identity.changeEmail.password' key in 'en' locale messages.
[intlify] Not found 'identity.changeEmail.submit' key in 'en' locale messages.

[90mstderr[2m | src/slices/identity/__tests__/ChangeEmailView.test.ts[2m > [22m[2mChangeEmailView[2m > [22m[2mshows email and password fields
[22m[39m[intlify] Not found 'identity.changeEmail.title' key in 'en' locale messages.
[intlify] Not found 'identity.changeEmail.newEmail' key in 'en' locale messages.
[intlify] Not found 'identity.changeEmail.password' key in 'en' locale messages.
[intlify] Not found 'identity.changeEmail.submit' key in 'en' locale messages.

[90mstderr[2m | src/slices/identity/__tests__/ChangeEmailView.test.ts[2m > [22m[2mChangeEmailView[2m > [22m[2mhides form and shows confirmation after success
[22m[39m[intlify] Not found 'identity.changeEmail.title' key in 'en' locale messages.
[intlify] Not found 'identity.changeEmail.newEmail' key in 'en' locale messages.
[intlify] Not found 'identity.changeEmail.password' key in 'en' locale messages.
[intlify] Not found 'identity.changeEmail.submit' key in 'en' locale messages.
[intlify] Not found 'identity.changeEmail.title' key in 'en' locale messages.
[intlify] Not found 'identity.changeEmail.newEmail' key in 'en' locale messages.
[intlify] Not found 'identity.changeEmail.password' key in 'en' locale messages.
[intlify] Not found 'identity.changeEmail.submit' key in 'en' locale messages.
[intlify] Not found 'identity.changeEmail.title' key in 'en' locale messages.
[intlify] Not found 'identity.changeEmail.newEmail' key in 'en' locale messages.
[intlify] Not found 'identity.changeEmail.password' key in 'en' locale messages.
[intlify] Not found 'identity.changeEmail.submit' key in 'en' locale messages.
[intlify] Not found 'identity.changeEmail.title' key in 'en' locale messages.
[intlify] Not found 'identity.changeEmail.newEmail' key in 'en' locale messages.
[intlify] Not found 'identity.changeEmail.password' key in 'en' locale messages.
[intlify] Not found 'identity.changeEmail.submit' key in 'en' locale messages.
[intlify] Not found 'identity.changeEmail.title' key in 'en' locale messages.
[intlify] Not found 'identity.verifyEmail.verifying' key in 'en' locale messages.

 [32m✓[39m src/slices/identity/__tests__/ChangeEmailView.test.ts [2m([22m[2m3 tests[22m[2m)[22m[90m 286[2mms[22m[39m
[90mstderr[2m | src/slices/workflow/__tests__/WorkflowRunsListView.test.ts[2m > [22m[2mWorkflowRunsListView[2m > [22m[2mrenders without errors
[22m[39m[intlify] Not found 'workflow.runs.title' key in 'en' locale messages.
[intlify] Not found 'workflow.runs.triggerManual' key in 'en' locale messages.
[intlify] Not found 'workflow.runs.includeArchive' key in 'en' locale messages.
[intlify] Not found 'workflow.runs.backToList' key in 'en' locale messages.

[90mstderr[2m | src/slices/workflow/__tests__/WorkflowRunsListView.test.ts[2m > [22m[2mWorkflowRunsListView[2m > [22m[2mshows the trigger button
[22m[39m[intlify] Not found 'workflow.runs.title' key in 'en' locale messages.
[intlify] Not found 'workflow.runs.triggerManual' key in 'en' locale messages.
[intlify] Not found 'workflow.runs.includeArchive' key in 'en' locale messages.
[intlify] Not found 'workflow.runs.backToList' key in 'en' locale messages.

[90mstderr[2m | src/slices/workflow/__tests__/WorkflowRunsListView.test.ts
[22m[39m[intlify] Not found 'workflow.runs.title' key in 'en' locale messages.
[intlify] Not found 'workflow.runs.triggerManual' key in 'en' locale messages.
[intlify] Not found 'workflow.runs.includeArchive' key in 'en' locale messages.
[intlify] Not found 'workflow.runs.empty' key in 'en' locale messages.
[intlify] Not found 'workflow.runs.backToList' key in 'en' locale messages.
[intlify] Not found 'workflow.runs.title' key in 'en' locale messages.
[intlify] Not found 'workflow.runs.triggerManual' key in 'en' locale messages.
[intlify] Not found 'workflow.runs.includeArchive' key in 'en' locale messages.
[intlify] Not found 'workflow.runs.empty' key in 'en' locale messages.
[intlify] Not found 'workflow.runs.backToList' key in 'en' locale messages.

 [32m✓[39m src/slices/workflow/__tests__/WorkflowRunsListView.test.ts [2m([22m[2m2 tests[22m[2m)[22m[33m 518[2mms[22m[39m
[90mstderr[2m | src/slices/keys/__tests__/KeyDetailView.test.ts[2m > [22m[2mKeyDetailView[2m > [22m[2mrenders without errors
[22m[39m[intlify] Not found 'keys.detail.title' key in 'en' locale messages.
[intlify] Not found 'keys.detail.notFound' key in 'en' locale messages.

[90mstderr[2m | src/slices/keys/__tests__/KeyDetailView.test.ts[2m > [22m[2mKeyDetailView[2m > [22m[2mshows key details when key is found
[22m[39m[intlify] Not found 'keys.detail.title' key in 'en' locale messages.
[intlify] Not found 'keys.detail.notFound' key in 'en' locale messages.
[intlify] Not found 'keys.detail.title' key in 'en' locale messages.
[intlify] Not found 'keys.detail.provider' key in 'en' locale messages.
[intlify] Not found 'keys.detail.name' key in 'en' locale messages.
[intlify] Not found 'keys.detail.preview' key in 'en' locale messages.
[intlify] Not found 'keys.detail.status' key in 'en' locale messages.
[intlify] Not found 'keys.detail.lastTest' key in 'en' locale messages.
[intlify] Not found 'keys.detail.retest' key in 'en' locale messages.
[intlify] Not found 'keys.detail.delete' key in 'en' locale messages.

 [32m✓[39m src/slices/keys/__tests__/KeyDetailView.test.ts [2m([22m[2m2 tests[22m[2m)[22m[33m 326[2mms[22m[39m
[90mstderr[2m | src/slices/identity/__tests__/PasswordResetRequestView.test.ts[2m > [22m[2mPasswordResetRequestView[2m > [22m[2mrenders without errors
[22m[39m[intlify] Not found 'identity.passwordReset.requestTitle' key in 'en' locale messages.
[intlify] Not found 'identity.login.email' key in 'en' locale messages.
[intlify] Not found 'identity.passwordReset.requestSubmit' key in 'en' locale messages.

[90mstderr[2m | src/slices/identity/__tests__/PasswordResetRequestView.test.ts[2m > [22m[2mPasswordResetRequestView[2m > [22m[2mshows email input and submit button
[22m[39m[intlify] Not found 'identity.passwordReset.requestTitle' key in 'en' locale messages.
[intlify] Not found 'identity.login.email' key in 'en' locale messages.
[intlify] Not found 'identity.passwordReset.requestSubmit' key in 'en' locale messages.

[90mstderr[2m | src/slices/identity/__tests__/PasswordResetRequestView.test.ts[2m > [22m[2mPasswordResetRequestView[2m > [22m[2mshows success message after submit
[22m[39m[intlify] Not found 'identity.passwordReset.requestTitle' key in 'en' locale messages.
[intlify] Not found 'identity.login.email' key in 'en' locale messages.
[intlify] Not found 'identity.passwordReset.requestSubmit' key in 'en' locale messages.
[intlify] Not found 'identity.passwordReset.requestTitle' key in 'en' locale messages.
[intlify] Not found 'identity.login.email' key in 'en' locale messages.
[intlify] Not found 'identity.passwordReset.requestSubmit' key in 'en' locale messages.
[intlify] Not found 'identity.passwordReset.requestTitle' key in 'en' locale messages.
[intlify] Not found 'identity.login.email' key in 'en' locale messages.
[intlify] Not found 'identity.passwordReset.requestSubmit' key in 'en' locale messages.
[MSW] Warning: intercepted a request without a matching request handler:

  • POST /api/auth/request-password-reset

  • Request body: {"email":"user@example.com"}

If you still wish to intercept this unhandled request, please create a request handler for it.
Read more: https://mswjs.io/docs/getting-started/mocks

 [31m❯[39m src/slices/identity/__tests__/PasswordResetRequestView.test.ts [2m([22m[2m3 tests[22m[2m | [22m[31m1 failed[39m[2m)[22m[33m 612[2mms[22m[39m
[31m   [31m×[31m PasswordResetRequestView[2m > [22mshows success message after submit[33m 472[2mms[22m[31m[39m
[31m     → expected true to be false // Object.is equality[39m
[90mstderr[2m | VirtualConsole.<anonymous> (C:\dev\SMAP\node_modules\.pnpm\jsdom@25.0.1\node_modules\jsdom\lib\jsdom\virtual-console.js:29:45)
[22m[39mError: AggregateError
    at Object.dispatchError (C:\dev\SMAP\node_modules\.pnpm\jsdom@25.0.1\node_modules\jsdom\lib\jsdom\living\xhr\xhr-utils.js:63:19)
    at Request.<anonymous> (C:\dev\SMAP\node_modules\.pnpm\jsdom@25.0.1\node_modules\jsdom\lib\jsdom\living\xhr\XMLHttpRequest-impl.js:655:18)
    at Request.emit (node:events:530:35)
    at ClientRequest.<anonymous> (C:\dev\SMAP\node_modules\.pnpm\jsdom@25.0.1\node_modules\jsdom\lib\jsdom\living\helpers\http-request.js:127:14)
    at ClientRequest.emit (node:events:518:28)
    at emitErrorEvent (node:_http_client:104:11)
    at MockHttpSocket.socketErrorListener (node:_http_client:518:5)
    at MockHttpSocket.emit (node:events:530:35)
    at MockHttpSocket.emit (file:///C:/dev/SMAP/node_modules/.pnpm/@mswjs+interceptors@0.37.6/node_modules/@mswjs/interceptors/src/interceptors/ClientRequest/MockHttpSocket.ts:152:12)
    at Socket.<anonymous> (file:///C:/dev/SMAP/node_modules/.pnpm/@mswjs+interceptors@0.37.6/node_modules/@mswjs/interceptors/src/interceptors/ClientRequest/MockHttpSocket.ts:271:14) [90mundefined[39m

[90mstderr[2m | warn (file:\C:\dev\SMAP\node_modules\.pnpm\@intlify+shared@11.2.8\node_modules\@intlify\shared\dist\shared.mjs:8:17)
[22m[39m[intlify] Not found 'identity.passwordReset.requestTitle' key in 'en' locale messages.
[intlify] Not found 'identity.login.email' key in 'en' locale messages.
[intlify] Not found 'identity.passwordReset.requestSubmit' key in 'en' locale messages.

[90mstderr[2m | warn$1 (C:\dev\SMAP\node_modules\.pnpm\@vue+runtime-core@3.5.13\node_modules\@vue\runtime-core\dist\runtime-core.cjs.js:53:13)
[22m[39m[Vue warn]: Unhandled error during execution of native event handler 
  at <PasswordResetRequestView ref="VTU_COMPONENT" > 
  at <VTUROOT>

[90mstderr[2m | src/slices/admin/__tests__/AdminAuditView.test.ts[2m > [22m[2mAdminAuditView[2m > [22m[2mrenders without errors
[22m[39m[intlify] Not found 'admin.audit.title' key in 'en' locale messages.
[intlify] Not found 'admin.audit.action' key in 'en' locale messages.
[intlify] Not found 'admin.audit.actorUserId' key in 'en' locale messages.
[intlify] Not found 'admin.audit.resourceType' key in 'en' locale messages.
[intlify] Not found 'admin.audit.resourceId' key in 'en' locale messages.
[intlify] Not found 'admin.audit.ipPrefix' key in 'en' locale messages.
[intlify] Not found 'admin.audit.sessionId' key in 'en' locale messages.
[intlify] Not found 'admin.users.search' key in 'en' locale messages.
[intlify] Not found 'admin.audit.export' key in 'en' locale messages.

[90mstderr[2m | src/slices/admin/__tests__/AdminAuditView.test.ts[2m > [22m[2mAdminAuditView[2m > [22m[2mrenders the filter form with multiple inputs
[22m[39m[intlify] Not found 'admin.audit.title' key in 'en' locale messages.
[intlify] Not found 'admin.audit.action' key in 'en' locale messages.
[intlify] Not found 'admin.audit.actorUserId' key in 'en' locale messages.
[intlify] Not found 'admin.audit.resourceType' key in 'en' locale messages.
[intlify] Not found 'admin.audit.resourceId' key in 'en' locale messages.
[intlify] Not found 'admin.audit.ipPrefix' key in 'en' locale messages.
[intlify] Not found 'admin.audit.sessionId' key in 'en' locale messages.
[intlify] Not found 'admin.users.search' key in 'en' locale messages.
[intlify] Not found 'admin.audit.export' key in 'en' locale messages.

[90mstderr[2m | src/slices/admin/__tests__/AdminAuditView.test.ts[2m > [22m[2mAdminAuditView[2m > [22m[2mrenders audit log rows when data is loaded
[22m[39m[intlify] Not found 'admin.audit.title' key in 'en' locale messages.
[intlify] Not found 'admin.audit.action' key in 'en' locale messages.
[intlify] Not found 'admin.audit.actorUserId' key in 'en' locale messages.
[intlify] Not found 'admin.audit.resourceType' key in 'en' locale messages.
[intlify] Not found 'admin.audit.resourceId' key in 'en' locale messages.
[intlify] Not found 'admin.audit.ipPrefix' key in 'en' locale messages.
[intlify] Not found 'admin.audit.sessionId' key in 'en' locale messages.
[intlify] Not found 'admin.users.search' key in 'en' locale messages.
[intlify] Not found 'admin.audit.export' key in 'en' locale messages.
[intlify] Not found 'admin.audit.action' key in 'en' locale messages.
[intlify] Not found 'admin.audit.actorUserId' key in 'en' locale messages.
[intlify] Not found 'admin.audit.resourceType' key in 'en' locale messages.
[intlify] Not found 'admin.audit.resourceId' key in 'en' locale messages.
[intlify] Not found 'admin.audit.ipPrefix' key in 'en' locale messages.
[intlify] Not found 'admin.users.created' key in 'en' locale messages.
[intlify] Not found 'admin.audit.title' key in 'en' locale messages.
[intlify] Not found 'admin.audit.action' key in 'en' locale messages.
[intlify] Not found 'admin.audit.actorUserId' key in 'en' locale messages.
[intlify] Not found 'admin.audit.resourceType' key in 'en' locale messages.
[intlify] Not found 'admin.audit.resourceId' key in 'en' locale messages.
[intlify] Not found 'admin.audit.ipPrefix' key in 'en' locale messages.
[intlify] Not found 'admin.audit.sessionId' key in 'en' locale messages.
[intlify] Not found 'admin.users.search' key in 'en' locale messages.
[intlify] Not found 'admin.audit.export' key in 'en' locale messages.
[intlify] Not found 'admin.audit.title' key in 'en' locale messages.
[intlify] Not found 'admin.audit.action' key in 'en' locale messages.
[intlify] Not found 'admin.audit.actorUserId' key in 'en' locale messages.
[intlify] Not found 'admin.audit.resourceType' key in 'en' locale messages.
[intlify] Not found 'admin.audit.resourceId' key in 'en' locale messages.
[intlify] Not found 'admin.audit.ipPrefix' key in 'en' locale messages.
[intlify] Not found 'admin.audit.sessionId' key in 'en' locale messages.
[intlify] Not found 'admin.users.search' key in 'en' locale messages.
[intlify] Not found 'admin.audit.export' key in 'en' locale messages.
[intlify] Not found 'admin.audit.action' key in 'en' locale messages.
[intlify] Not found 'admin.audit.actorUserId' key in 'en' locale messages.
[intlify] Not found 'admin.audit.resourceType' key in 'en' locale messages.
[intlify] Not found 'admin.audit.resourceId' key in 'en' locale messages.
[intlify] Not found 'admin.audit.ipPrefix' key in 'en' locale messages.
[intlify] Not found 'admin.users.created' key in 'en' locale messages.
[intlify] Not found 'admin.audit.title' key in 'en' locale messages.
[intlify] Not found 'admin.audit.action' key in 'en' locale messages.
[intlify] Not found 'admin.audit.actorUserId' key in 'en' locale messages.
[intlify] Not found 'admin.audit.resourceType' key in 'en' locale messages.
[intlify] Not found 'admin.audit.resourceId' key in 'en' locale messages.
[intlify] Not found 'admin.audit.ipPrefix' key in 'en' locale messages.
[intlify] Not found 'admin.audit.sessionId' key in 'en' locale messages.
[intlify] Not found 'admin.users.search' key in 'en' locale messages.
[intlify] Not found 'admin.audit.export' key in 'en' locale messages.
[intlify] Not found 'admin.audit.action' key in 'en' locale messages.
[intlify] Not found 'admin.audit.actorUserId' key in 'en' locale messages.
[intlify] Not found 'admin.audit.resourceType' key in 'en' locale messages.
[intlify] Not found 'admin.audit.resourceId' key in 'en' locale messages.
[intlify] Not found 'admin.audit.ipPrefix' key in 'en' locale messages.
[intlify] Not found 'admin.users.created' key in 'en' locale messages.

 [32m✓[39m src/slices/admin/__tests__/AdminAuditView.test.ts [2m([22m[2m3 tests[22m[2m)[22m[33m 733[2mms[22m[39m
   [33m[2m✓[22m[39m AdminAuditView[2m > [22mrenders audit log rows when data is loaded [33m305[2mms[22m[39m
[90mstderr[2m | src/slices/workflow/__tests__/WorkflowListView.test.ts[2m > [22m[2mWorkflowListView[2m > [22m[2mrenders without errors
[22m[39m[intlify] Not found 'workflow.list.title' key in 'en' locale messages.
[intlify] Not found 'workflow.list.namePlaceholder' key in 'en' locale messages.
[intlify] Not found 'workflow.list.create' key in 'en' locale messages.

[90mstderr[2m | src/slices/workflow/__tests__/WorkflowListView.test.ts[2m > [22m[2mWorkflowListView[2m > [22m[2mshows the create form with a name input
[22m[39m[intlify] Not found 'workflow.list.title' key in 'en' locale messages.
[intlify] Not found 'workflow.list.namePlaceholder' key in 'en' locale messages.
[intlify] Not found 'workflow.list.create' key in 'en' locale messages.

[90mstderr[2m | src/slices/workflow/__tests__/WorkflowListView.test.ts[2m > [22m[2mWorkflowListView
[22m[39m[intlify] Not found 'workflow.list.title' key in 'en' locale messages.
[intlify] Not found 'workflow.list.namePlaceholder' key in 'en' locale messages.
[intlify] Not found 'workflow.list.create' key in 'en' locale messages.
[intlify] Not found 'workflow.list.empty' key in 'en' locale messages.

[90mstderr[2m | src/slices/workflow/__tests__/WorkflowListView.test.ts
[22m[39m[intlify] Not found 'workflow.list.title' key in 'en' locale messages.
[intlify] Not found 'workflow.list.namePlaceholder' key in 'en' locale messages.
[intlify] Not found 'workflow.list.create' key in 'en' locale messages.
[intlify] Not found 'workflow.list.empty' key in 'en' locale messages.

 [32m✓[39m src/slices/workflow/__tests__/WorkflowListView.test.ts [2m([22m[2m2 tests[22m[2m)[22m[33m 352[2mms[22m[39m
[90mstderr[2m | src/slices/admin/__tests__/AdminIpBansView.test.ts[2m > [22m[2mAdminIpBansView[2m > [22m[2mrenders without errors
[22m[39m[intlify] Not found 'admin.ipBans.title' key in 'en' locale messages.
[intlify] Not found 'admin.ipBans.cidrPlaceholder' key in 'en' locale messages.
[intlify] Not found 'admin.ipBans.reason' key in 'en' locale messages.
[intlify] Not found 'admin.ipBans.add' key in 'en' locale messages.

[90mstderr[2m | src/slices/admin/__tests__/AdminIpBansView.test.ts[2m > [22m[2mAdminIpBansView[2m > [22m[2mrenders the create-ban form with CIDR and reason inputs
[22m[39m[intlify] Not found 'admin.ipBans.title' key in 'en' locale messages.
[intlify] Not found 'admin.ipBans.cidrPlaceholder' key in 'en' locale messages.
[intlify] Not found 'admin.ipBans.reason' key in 'en' locale messages.
[intlify] Not found 'admin.ipBans.add' key in 'en' locale messages.

[90mstderr[2m | src/slices/admin/__tests__/AdminIpBansView.test.ts[2m > [22m[2mAdminIpBansView[2m > [22m[2mrenders ban rows when data is loaded
[22m[39m[intlify] Not found 'admin.ipBans.title' key in 'en' locale messages.
[intlify] Not found 'admin.ipBans.cidrPlaceholder' key in 'en' locale messages.
[intlify] Not found 'admin.ipBans.reason' key in 'en' locale messages.
[intlify] Not found 'admin.ipBans.add' key in 'en' locale messages.
[intlify] Not found 'admin.ipBans.reason' key in 'en' locale messages.
[intlify] Not found 'admin.users.created' key in 'en' locale messages.
[intlify] Not found 'admin.users.actions' key in 'en' locale messages.
[intlify] Not found 'admin.ipBans.title' key in 'en' locale messages.
[intlify] Not found 'admin.ipBans.cidrPlaceholder' key in 'en' locale messages.
[intlify] Not found 'admin.ipBans.reason' key in 'en' locale messages.
[intlify] Not found 'admin.ipBans.add' key in 'en' locale messages.
[intlify] Not found 'admin.ipBans.title' key in 'en' locale messages.
[intlify] Not found 'admin.ipBans.cidrPlaceholder' key in 'en' locale messages.
[intlify] Not found 'admin.ipBans.reason' key in 'en' locale messages.
[intlify] Not found 'admin.ipBans.add' key in 'en' locale messages.
[intlify] Not found 'admin.ipBans.reason' key in 'en' locale messages.
[intlify] Not found 'admin.users.created' key in 'en' locale messages.
[intlify] Not found 'admin.users.actions' key in 'en' locale messages.
[intlify] Not found 'admin.ipBans.remove' key in 'en' locale messages.
[intlify] Not found 'admin.ipBans.title' key in 'en' locale messages.
[intlify] Not found 'admin.ipBans.cidrPlaceholder' key in 'en' locale messages.
[intlify] Not found 'admin.ipBans.reason' key in 'en' locale messages.
[intlify] Not found 'admin.ipBans.add' key in 'en' locale messages.
[intlify] Not found 'admin.ipBans.reason' key in 'en' locale messages.
[intlify] Not found 'admin.users.created' key in 'en' locale messages.
[intlify] Not found 'admin.users.actions' key in 'en' locale messages.

 [32m✓[39m src/slices/admin/__tests__/AdminIpBansView.test.ts [2m([22m[2m3 tests[22m[2m)[22m[33m 592[2mms[22m[39m
[90mstderr[2m | src/slices/identity/__tests__/SessionsView.test.ts[2m > [22m[2mSessionsView[2m > [22m[2mrenders without errors
[22m[39m[intlify] Not found 'identity.sessions.title' key in 'en' locale messages.

[90mstderr[2m | src/slices/identity/__tests__/SessionsView.test.ts[2m > [22m[2mSessionsView[2m > [22m[2mlists sessions and shows revoke button for non-current
[22m[39m[intlify] Not found 'identity.sessions.title' key in 'en' locale messages.
[intlify] Not found 'identity.sessions.revoke' key in 'en' locale messages.
[intlify] Not found 'identity.sessions.title' key in 'en' locale messages.
[intlify] Not found 'identity.sessions.title' key in 'en' locale messages.
[intlify] Not found 'identity.sessions.revoke' key in 'en' locale messages.

 [31m❯[39m src/slices/identity/__tests__/SessionsView.test.ts [2m([22m[2m2 tests[22m[2m | [22m[31m1 failed[39m[2m)[22m[33m 569[2mms[22m[39m
   [33m[2m✓[22m[39m SessionsView[2m > [22mrenders without errors [33m377[2mms[22m[39m
[31m   [31m×[31m SessionsView[2m > [22mlists sessions and shows revoke button for non-current[90m 185[2mms[22m[31m[39m
[31m     → expected 1 to be 2 // Object.is equality[39m
[90mstderr[2m | src/slices/admin/__tests__/AdminUsersView.test.ts[2m > [22m[2mAdminUsersView[2m > [22m[2mrenders without errors
[22m[39m[intlify] Not found 'admin.users.title' key in 'en' locale messages.
[intlify] Not found 'admin.users.searchPlaceholder' key in 'en' locale messages.
[intlify] Not found 'admin.users.allStatuses' key in 'en' locale messages.
[intlify] Not found 'admin.users.statusActive' key in 'en' locale messages.
[intlify] Not found 'admin.users.statusBanned' key in 'en' locale messages.
[intlify] Not found 'admin.users.statusDeleted' key in 'en' locale messages.
[intlify] Not found 'admin.users.search' key in 'en' locale messages.

[90mstderr[2m | src/slices/admin/__tests__/AdminUsersView.test.ts[2m > [22m[2mAdminUsersView[2m > [22m[2mrenders the search form with input, select, and submit button
[22m[39m[intlify] Not found 'admin.users.title' key in 'en' locale messages.
[intlify] Not found 'admin.users.searchPlaceholder' key in 'en' locale messages.
[intlify] Not found 'admin.users.allStatuses' key in 'en' locale messages.
[intlify] Not found 'admin.users.statusActive' key in 'en' locale messages.
[intlify] Not found 'admin.users.statusBanned' key in 'en' locale messages.
[intlify] Not found 'admin.users.statusDeleted' key in 'en' locale messages.
[intlify] Not found 'admin.users.search' key in 'en' locale messages.

[90mstderr[2m | src/slices/admin/__tests__/AdminUsersView.test.ts[2m > [22m[2mAdminUsersView[2m > [22m[2mdisplays user rows when data is loaded
[22m[39m[intlify] Not found 'admin.users.title' key in 'en' locale messages.
[intlify] Not found 'admin.users.searchPlaceholder' key in 'en' locale messages.
[intlify] Not found 'admin.users.allStatuses' key in 'en' locale messages.
[intlify] Not found 'admin.users.statusActive' key in 'en' locale messages.
[intlify] Not found 'admin.users.statusBanned' key in 'en' locale messages.
[intlify] Not found 'admin.users.statusDeleted' key in 'en' locale messages.
[intlify] Not found 'admin.users.search' key in 'en' locale messages.
[intlify] Not found 'admin.users.email' key in 'en' locale messages.
[intlify] Not found 'admin.users.status' key in 'en' locale messages.
[intlify] Not found 'admin.users.verified' key in 'en' locale messages.
[intlify] Not found 'admin.users.created' key in 'en' locale messages.
[intlify] Not found 'admin.users.actions' key in 'en' locale messages.
[Vue warn]: Unhandled error during execution of setup function 
  at <RouterLink to= { name: [32m'admin.userDetail'[39m, params: { userId: [90mundefined[39m } } > 
  at <AdminUsersView ref="VTU_COMPONENT" > 
  at <VTUROOT>
[Vue warn]: Unhandled error during execution of component update 
  at <AdminUsersView ref="VTU_COMPONENT" > 
  at <VTUROOT>
[intlify] Not found 'admin.users.title' key in 'en' locale messages.
[intlify] Not found 'admin.users.searchPlaceholder' key in 'en' locale messages.
[intlify] Not found 'admin.users.allStatuses' key in 'en' locale messages.
[intlify] Not found 'admin.users.statusActive' key in 'en' locale messages.
[intlify] Not found 'admin.users.statusBanned' key in 'en' locale messages.
[intlify] Not found 'admin.users.statusDeleted' key in 'en' locale messages.
[intlify] Not found 'admin.users.search' key in 'en' locale messages.
[intlify] Not found 'admin.users.title' key in 'en' locale messages.
[intlify] Not found 'admin.users.searchPlaceholder' key in 'en' locale messages.
[intlify] Not found 'admin.users.allStatuses' key in 'en' locale messages.
[intlify] Not found 'admin.users.statusActive' key in 'en' locale messages.
[intlify] Not found 'admin.users.statusBanned' key in 'en' locale messages.
[intlify] Not found 'admin.users.statusDeleted' key in 'en' locale messages.
[intlify] Not found 'admin.users.search' key in 'en' locale messages.
[intlify] Not found 'admin.users.email' key in 'en' locale messages.
[intlify] Not found 'admin.users.status' key in 'en' locale messages.
[intlify] Not found 'admin.users.verified' key in 'en' locale messages.
[intlify] Not found 'admin.users.created' key in 'en' locale messages.
[intlify] Not found 'admin.users.actions' key in 'en' locale messages.
[intlify] Not found 'admin.users.ban' key in 'en' locale messages.
[intlify] Not found 'admin.users.unban' key in 'en' locale messages.
[intlify] Not found 'admin.users.title' key in 'en' locale messages.
[intlify] Not found 'admin.users.searchPlaceholder' key in 'en' locale messages.
[intlify] Not found 'admin.users.allStatuses' key in 'en' locale messages.
[intlify] Not found 'admin.users.statusActive' key in 'en' locale messages.
[intlify] Not found 'admin.users.statusBanned' key in 'en' locale messages.
[intlify] Not found 'admin.users.statusDeleted' key in 'en' locale messages.
[intlify] Not found 'admin.users.search' key in 'en' locale messages.
[intlify] Not found 'admin.users.email' key in 'en' locale messages.
[intlify] Not found 'admin.users.status' key in 'en' locale messages.
[intlify] Not found 'admin.users.verified' key in 'en' locale messages.
[intlify] Not found 'admin.users.created' key in 'en' locale messages.
[intlify] Not found 'admin.users.actions' key in 'en' locale messages.
[Vue warn]: Unhandled error during execution of setup function 
  at <RouterLink to= { name: [32m'admin.userDetail'[39m, params: { userId: [90mundefined[39m } } > 
  at <AdminUsersView ref="VTU_COMPONENT" > 
  at <VTUROOT>
[Vue warn]: Unhandled error during execution of component update 
  at <AdminUsersView ref="VTU_COMPONENT" > 
  at <VTUROOT>

 [32m✓[39m src/slices/admin/__tests__/AdminUsersView.test.ts [2m([22m[2m3 tests[22m[2m)[22m[33m 602[2mms[22m[39m
[90mstderr[2m | src/slices/agents/__tests__/AgentDetailView.test.ts[2m > [22m[2mAgentDetailView[2m > [22m[2mrenders without errors
[22m[39m[intlify] Not found 'agents.detail.title' key in 'en' locale messages.
[intlify] Not found 'agents.detail.loading' key in 'en' locale messages.

[90mstderr[2m | src/slices/agents/__tests__/AgentDetailView.test.ts[2m > [22m[2mAgentDetailView[2m > [22m[2mpopulates form fields from fetched agent data
[22m[39m[intlify] Not found 'agents.detail.title' key in 'en' locale messages.
[intlify] Not found 'agents.detail.loading' key in 'en' locale messages.
[intlify] Not found 'agents.form.name' key in 'en' locale messages.
[intlify] Not found 'agents.form.provider' key in 'en' locale messages.
[intlify] Not found 'agents.form.model' key in 'en' locale messages.
[intlify] Not found 'agents.form.systemPrompt' key in 'en' locale messages.
[intlify] Not found 'agents.form.temperature' key in 'en' locale messages.
[intlify] Not found 'agents.form.maxTokens' key in 'en' locale messages.
[intlify] Not found 'agents.detail.save' key in 'en' locale messages.
[intlify] Not found 'agents.detail.delete' key in 'en' locale messages.
[intlify] Not found 'agents.form.name' key in 'en' locale messages.
[intlify] Not found 'agents.form.provider' key in 'en' locale messages.
[intlify] Not found 'agents.form.model' key in 'en' locale messages.
[intlify] Not found 'agents.form.systemPrompt' key in 'en' locale messages.
[intlify] Not found 'agents.form.temperature' key in 'en' locale messages.
[intlify] Not found 'agents.form.maxTokens' key in 'en' locale messages.
[intlify] Not found 'agents.detail.save' key in 'en' locale messages.
[intlify] Not found 'agents.detail.delete' key in 'en' locale messages.

 [31m❯[39m src/slices/conversation/__tests__/ChatroomSettingsView.test.ts [2m([22m[2m2 tests[22m[2m | [22m[31m1 failed[39m[2m)[22m[90m 210[2mms[22m[39m
[31m   [31m×[31m ChatroomSettingsView[2m > [22mshows the settings section once chatroom data loads[90m 122[2mms[22m[31m[39m
[31m     → expected false to be true // Object.is equality[39m
 [32m✓[39m src/slices/agents/__tests__/AgentDetailView.test.ts [2m([22m[2m2 tests[22m[2m)[22m[33m 455[2mms[22m[39m
[90mstderr[2m | src/slices/agents/__tests__/AgentListView.test.ts[2m > [22m[2mAgentListView[2m > [22m[2mrenders without errors
[22m[39m[intlify] Not found 'agents.list.title' key in 'en' locale messages.
[intlify] Not found 'agents.list.create' key in 'en' locale messages.
[intlify] Not found 'agents.list.loading' key in 'en' locale messages.

[90mstderr[2m | src/slices/agents/__tests__/AgentListView.test.ts[2m > [22m[2mAgentListView[2m > [22m[2mtoggles create form on button click
[22m[39m[intlify] Not found 'agents.list.title' key in 'en' locale messages.
[intlify] Not found 'agents.list.create' key in 'en' locale messages.
[intlify] Not found 'agents.list.loading' key in 'en' locale messages.
[intlify] Not found 'agents.list.title' key in 'en' locale messages.
[intlify] Not found 'agents.list.cancel' key in 'en' locale messages.
[intlify] Not found 'agents.form.name' key in 'en' locale messages.
[intlify] Not found 'agents.form.provider' key in 'en' locale messages.
[intlify] Not found 'agents.form.model' key in 'en' locale messages.
[intlify] Not found 'agents.form.systemPrompt' key in 'en' locale messages.
[intlify] Not found 'agents.form.temperature' key in 'en' locale messages.
[intlify] Not found 'agents.form.maxTokens' key in 'en' locale messages.
[intlify] Not found 'agents.form.submit' key in 'en' locale messages.
[intlify] Not found 'agents.list.loading' key in 'en' locale messages.
[intlify] Not found 'agents.list.title' key in 'en' locale messages.
[intlify] Not found 'agents.list.create' key in 'en' locale messages.
[intlify] Not found 'agents.list.empty' key in 'en' locale messages.

[90mstderr[2m | src/slices/agents/__tests__/AgentListView.test.ts
[22m[39m[intlify] Not found 'agents.list.title' key in 'en' locale messages.
[intlify] Not found 'agents.list.cancel' key in 'en' locale messages.
[intlify] Not found 'agents.form.name' key in 'en' locale messages.
[intlify] Not found 'agents.form.provider' key in 'en' locale messages.
[intlify] Not found 'agents.form.model' key in 'en' locale messages.
[intlify] Not found 'agents.form.systemPrompt' key in 'en' locale messages.
[intlify] Not found 'agents.form.temperature' key in 'en' locale messages.
[intlify] Not found 'agents.form.maxTokens' key in 'en' locale messages.
[intlify] Not found 'agents.form.submit' key in 'en' locale messages.
[intlify] Not found 'agents.list.empty' key in 'en' locale messages.

 [32m✓[39m src/slices/agents/__tests__/AgentListView.test.ts [2m([22m[2m2 tests[22m[2m)[22m[33m 464[2mms[22m[39m
[90mstderr[2m | src/slices/admin/__tests__/AdminUserDetailView.test.ts[2m > [22m[2mAdminUserDetailView[2m > [22m[2mshows user email and action buttons when loaded
[22m[39m[intlify] Not found 'admin.users.status' key in 'en' locale messages.
[intlify] Not found 'admin.users.verified' key in 'en' locale messages.
[intlify] Not found 'admin.userDetail.isAdmin' key in 'en' locale messages.
[intlify] Not found 'admin.userDetail.bannedReason' key in 'en' locale messages.
[intlify] Not found 'admin.userDetail.bannedAt' key in 'en' locale messages.
[intlify] Not found 'admin.userDetail.deletedAt' key in 'en' locale messages.
[intlify] Not found 'admin.userDetail.lastLogin' key in 'en' locale messages.
[intlify] Not found 'admin.users.created' key in 'en' locale messages.
[intlify] Not found 'admin.userDetail.orgs' key in 'en' locale messages.
[intlify] Not found 'admin.userDetail.projects' key in 'en' locale messages.
[intlify] Not found 'admin.users.ban' key in 'en' locale messages.
[intlify] Not found 'admin.userDetail.softDelete' key in 'en' locale messages.
[intlify] Not found 'admin.userDetail.impersonate' key in 'en' locale messages.
[intlify] Not found 'admin.users.status' key in 'en' locale messages.
[intlify] Not found 'admin.users.verified' key in 'en' locale messages.
[intlify] Not found 'admin.userDetail.isAdmin' key in 'en' locale messages.
[intlify] Not found 'admin.userDetail.bannedReason' key in 'en' locale messages.
[intlify] Not found 'admin.userDetail.bannedAt' key in 'en' locale messages.
[intlify] Not found 'admin.userDetail.deletedAt' key in 'en' locale messages.
[intlify] Not found 'admin.userDetail.lastLogin' key in 'en' locale messages.
[intlify] Not found 'admin.users.created' key in 'en' locale messages.
[intlify] Not found 'admin.userDetail.orgs' key in 'en' locale messages.
[Vue warn]: Unhandled error during execution of render function 
  at <AdminUserDetailView ref="VTU_COMPONENT" > 
  at <VTUROOT>
[Vue warn]: Unhandled error during execution of component update 
  at <AdminUserDetailView ref="VTU_COMPONENT" > 
  at <VTUROOT>

 [32m✓[39m src/slices/admin/__tests__/AdminUserDetailView.test.ts [2m([22m[2m2 tests[22m[2m)[22m[33m 470[2mms[22m[39m
[90mstderr[2m | src/slices/keys/__tests__/KeyListView.test.ts[2m > [22m[2mKeyListView[2m > [22m[2mrenders without errors
[22m[39m[intlify] Not found 'keys.list.title' key in 'en' locale messages.
[intlify] Not found 'keys.list.provider' key in 'en' locale messages.
[intlify] Not found 'keys.list.name' key in 'en' locale messages.
[intlify] Not found 'keys.list.preview' key in 'en' locale messages.
[intlify] Not found 'keys.list.status' key in 'en' locale messages.
[intlify] Not found 'keys.list.empty' key in 'en' locale messages.
[intlify] Not found 'keys.form.provider' key in 'en' locale messages.
[intlify] Not found 'keys.form.name' key in 'en' locale messages.
[intlify] Not found 'keys.form.namePlaceholder' key in 'en' locale messages.
[intlify] Not found 'keys.form.secret' key in 'en' locale messages.
[intlify] Not found 'keys.form.submit' key in 'en' locale messages.
[intlify] Not found 'keys.list.title' key in 'en' locale messages.
[intlify] Not found 'keys.list.loading' key in 'en' locale messages.

[90mstderr[2m | src/slices/keys/__tests__/KeyListView.test.ts[2m > [22m[2mKeyListView[2m > [22m[2mshows key table with rows when keys are returned
[22m[39m[intlify] Not found 'keys.list.title' key in 'en' locale messages.
[intlify] Not found 'keys.list.provider' key in 'en' locale messages.
[intlify] Not found 'keys.list.name' key in 'en' locale messages.
[intlify] Not found 'keys.list.preview' key in 'en' locale messages.
[intlify] Not found 'keys.list.status' key in 'en' locale messages.
[intlify] Not found 'keys.list.empty' key in 'en' locale messages.
[intlify] Not found 'keys.list.title' key in 'en' locale messages.
[intlify] Not found 'keys.list.provider' key in 'en' locale messages.
[intlify] Not found 'keys.list.name' key in 'en' locale messages.
[intlify] Not found 'keys.list.preview' key in 'en' locale messages.
[intlify] Not found 'keys.list.status' key in 'en' locale messages.
[intlify] Not found 'keys.list.empty' key in 'en' locale messages.
[intlify] Not found 'keys.form.provider' key in 'en' locale messages.
[intlify] Not found 'keys.form.name' key in 'en' locale messages.
[intlify] Not found 'keys.form.namePlaceholder' key in 'en' locale messages.
[intlify] Not found 'keys.form.secret' key in 'en' locale messages.
[intlify] Not found 'keys.form.submit' key in 'en' locale messages.
[intlify] Not found 'keys.list.title' key in 'en' locale messages.
[intlify] Not found 'keys.list.loading' key in 'en' locale messages.
[intlify] Not found 'keys.list.title' key in 'en' locale messages.
[intlify] Not found 'keys.list.provider' key in 'en' locale messages.
[intlify] Not found 'keys.list.name' key in 'en' locale messages.
[intlify] Not found 'keys.list.preview' key in 'en' locale messages.
[intlify] Not found 'keys.list.status' key in 'en' locale messages.
[intlify] Not found 'keys.list.retest' key in 'en' locale messages.
[intlify] Not found 'keys.list.delete' key in 'en' locale messages.

 [32m✓[39m src/slices/keys/__tests__/KeyListView.test.ts [2m([22m[2m2 tests[22m[2m)[22m[33m 507[2mms[22m[39m
   [33m[2m✓[22m[39m KeyListView[2m > [22mrenders without errors [33m349[2mms[22m[39m
[90mstderr[2m | src/slices/workflow/__tests__/WorkflowEditorView.test.ts[2m > [22m[2mWorkflowEditorView[2m > [22m[2mrenders without errors
[22m[39m[intlify] Not found 'workflow.editor.undo' key in 'en' locale messages.
[intlify] Not found 'workflow.editor.redo' key in 'en' locale messages.
[intlify] Not found 'workflow.editor.validate' key in 'en' locale messages.
[intlify] Not found 'workflow.editor.save' key in 'en' locale messages.
[intlify] Not found 'workflow.editor.dryRun' key in 'en' locale messages.
[intlify] Not found 'workflow.editor.backToList' key in 'en' locale messages.

[90mstderr[2m | src/slices/workflow/__tests__/WorkflowEditorView.test.ts[2m > [22m[2mWorkflowEditorView[2m > [22m[2mcontains the toolbar header
[22m[39m[intlify] Not found 'workflow.editor.undo' key in 'en' locale messages.
[intlify] Not found 'workflow.editor.redo' key in 'en' locale messages.
[intlify] Not found 'workflow.editor.validate' key in 'en' locale messages.
[intlify] Not found 'workflow.editor.save' key in 'en' locale messages.
[intlify] Not found 'workflow.editor.dryRun' key in 'en' locale messages.
[intlify] Not found 'workflow.editor.backToList' key in 'en' locale messages.

 [32m✓[39m src/slices/workflow/__tests__/WorkflowEditorView.test.ts [2m([22m[2m2 tests[22m[2m)[22m[33m 356[2mms[22m[39m
[90mstderr[2m | src/slices/keys/__tests__/SearchKeyView.test.ts[2m > [22m[2mSearchKeyView[2m > [22m[2mrenders without errors
[22m[39m[intlify] Not found 'keys.search.title' key in 'en' locale messages.
[intlify] Not found 'keys.search.provider' key in 'en' locale messages.
[intlify] Not found 'keys.search.secret' key in 'en' locale messages.
[intlify] Not found 'keys.search.upload' key in 'en' locale messages.
[intlify] Not found 'keys.search.provider' key in 'en' locale messages.
[intlify] Not found 'keys.search.preview' key in 'en' locale messages.
[intlify] Not found 'keys.search.status' key in 'en' locale messages.
[intlify] Not found 'keys.search.active' key in 'en' locale messages.

[90mstderr[2m | src/slices/keys/__tests__/SearchKeyView.test.ts[2m > [22m[2mSearchKeyView[2m > [22m[2mshows provider select with all options and upload form
[22m[39m[intlify] Not found 'keys.search.title' key in 'en' locale messages.
[intlify] Not found 'keys.search.provider' key in 'en' locale messages.
[intlify] Not found 'keys.search.secret' key in 'en' locale messages.
[intlify] Not found 'keys.search.upload' key in 'en' locale messages.
[intlify] Not found 'keys.search.provider' key in 'en' locale messages.
[intlify] Not found 'keys.search.preview' key in 'en' locale messages.
[intlify] Not found 'keys.search.status' key in 'en' locale messages.
[intlify] Not found 'keys.search.active' key in 'en' locale messages.

[90mstderr[2m | src/slices/keys/__tests__/SearchKeyView.test.ts
[22m[39m[MSW] Warning: intercepted a request without a matching request handler:

  • GET /api/projects/proj_1/search-keys

If you still wish to intercept this unhandled request, please create a request handler for it.
Read more: https://mswjs.io/docs/getting-started/mocks
[MSW] Warning: intercepted a request without a matching request handler:

  • GET /api/projects/proj_1/search-keys

If you still wish to intercept this unhandled request, please create a request handler for it.
Read more: https://mswjs.io/docs/getting-started/mocks

 [32m✓[39m src/slices/keys/__tests__/SearchKeyView.test.ts [2m([22m[2m2 tests[22m[2m)[22m[33m 368[2mms[22m[39m
[90mstderr[2m | src/slices/workflow/__tests__/WorkflowBackstageView.test.ts[2m > [22m[2mWorkflowBackstageView[2m > [22m[2mrenders without errors
[22m[39m[intlify] Not found 'workflow.backstage.title' key in 'en' locale messages.
[intlify] Not found 'workflow.backstage.subtitle' key in 'en' locale messages.
[intlify] Not found 'workflow.backstage.selectRun' key in 'en' locale messages.

[90mstderr[2m | src/slices/workflow/__tests__/WorkflowBackstageView.test.ts[2m > [22m[2mWorkflowBackstageView[2m > [22m[2mshows the run selector dropdown
[22m[39m[intlify] Not found 'workflow.backstage.title' key in 'en' locale messages.
[intlify] Not found 'workflow.backstage.subtitle' key in 'en' locale messages.
[intlify] Not found 'workflow.backstage.selectRun' key in 'en' locale messages.

[90mstderr[2m | src/slices/workflow/__tests__/WorkflowBackstageView.test.ts
[22m[39m[intlify] Not found 'workflow.backstage.title' key in 'en' locale messages.
[intlify] Not found 'workflow.backstage.subtitle' key in 'en' locale messages.
[intlify] Not found 'workflow.backstage.selectRun' key in 'en' locale messages.
[intlify] Not found 'workflow.backstage.title' key in 'en' locale messages.
[intlify] Not found 'workflow.backstage.subtitle' key in 'en' locale messages.
[intlify] Not found 'workflow.backstage.selectRun' key in 'en' locale messages.

 [32m✓[39m src/slices/workflow/__tests__/WorkflowBackstageView.test.ts [2m([22m[2m2 tests[22m[2m)[22m[33m 515[2mms[22m[39m
[90mstderr[2m | src/slices/identity/__tests__/LoginView.test.ts[2m > [22m[2mLoginView[2m > [22m[2mrenders without errors
[22m[39m[intlify] Not found 'identity.login.title' key in 'en' locale messages.
[intlify] Not found 'identity.login.email' key in 'en' locale messages.
[intlify] Not found 'identity.login.password' key in 'en' locale messages.
[intlify] Not found 'identity.login.submit' key in 'en' locale messages.
[intlify] Not found 'identity.login.registerLink' key in 'en' locale messages.
[intlify] Not found 'identity.login.forgot' key in 'en' locale messages.

[90mstderr[2m | src/slices/identity/__tests__/LoginView.test.ts[2m > [22m[2mLoginView[2m > [22m[2mshows email and password fields
[22m[39m[intlify] Not found 'identity.login.title' key in 'en' locale messages.
[intlify] Not found 'identity.login.email' key in 'en' locale messages.
[intlify] Not found 'identity.login.password' key in 'en' locale messages.
[intlify] Not found 'identity.login.submit' key in 'en' locale messages.
[intlify] Not found 'identity.login.registerLink' key in 'en' locale messages.
[intlify] Not found 'identity.login.forgot' key in 'en' locale messages.

[90mstderr[2m | src/slices/identity/__tests__/LoginView.test.ts[2m > [22m[2mLoginView[2m > [22m[2mshows pending verify message when query param is set
[22m[39m[intlify] Not found 'identity.login.title' key in 'en' locale messages.
[intlify] Not found 'identity.verifyEmail.verifying' key in 'en' locale messages.
[intlify] Not found 'identity.login.email' key in 'en' locale messages.
[intlify] Not found 'identity.login.password' key in 'en' locale messages.
[intlify] Not found 'identity.login.submit' key in 'en' locale messages.
[intlify] Not found 'identity.login.registerLink' key in 'en' locale messages.
[intlify] Not found 'identity.login.forgot' key in 'en' locale messages.

[90mstderr[2m | src/slices/identity/__tests__/LoginView.test.ts[2m > [22m[2mLoginView[2m > [22m[2msubmit button is present and enabled
[22m[39m[intlify] Not found 'identity.login.title' key in 'en' locale messages.
[intlify] Not found 'identity.login.email' key in 'en' locale messages.
[intlify] Not found 'identity.login.password' key in 'en' locale messages.
[intlify] Not found 'identity.login.submit' key in 'en' locale messages.
[intlify] Not found 'identity.login.registerLink' key in 'en' locale messages.
[intlify] Not found 'identity.login.forgot' key in 'en' locale messages.

 [32m✓[39m src/slices/identity/__tests__/LoginView.test.ts [2m([22m[2m4 tests[22m[2m)[22m[90m 211[2mms[22m[39m
[90mstderr[2m | src/slices/identity/__tests__/VerifyEmailView.test.ts[2m > [22m[2mVerifyEmailView[2m > [22m[2mrenders without errors
[22m[39m[intlify] Not found 'identity.verifyEmail.title' key in 'en' locale messages.
[intlify] Not found 'identity.verifyEmail.verifying' key in 'en' locale messages.
[intlify] Not found 'identity.verifyEmail.title' key in 'en' locale messages.
[intlify] Not found 'identity.verifyEmail.failure' key in 'en' locale messages.

[90mstderr[2m | src/slices/identity/__tests__/VerifyEmailView.test.ts[2m > [22m[2mVerifyEmailView[2m > [22m[2mshows failure when no token is provided
[22m[39m[intlify] Not found 'identity.verifyEmail.title' key in 'en' locale messages.
[intlify] Not found 'identity.verifyEmail.verifying' key in 'en' locale messages.
[intlify] Not found 'identity.verifyEmail.title' key in 'en' locale messages.
[intlify] Not found 'identity.verifyEmail.failure' key in 'en' locale messages.

[90mstderr[2m | src/slices/identity/__tests__/VerifyEmailView.test.ts[2m > [22m[2mVerifyEmailView[2m > [22m[2mshows success when token is valid
[22m[39m[intlify] Not found 'identity.verifyEmail.title' key in 'en' locale messages.
[intlify] Not found 'identity.verifyEmail.verifying' key in 'en' locale messages.
[intlify] Not found 'identity.verifyEmail.title' key in 'en' locale messages.
[intlify] Not found 'identity.verifyEmail.success' key in 'en' locale messages.

 [32m✓[39m src/slices/identity/__tests__/VerifyEmailView.test.ts [2m([22m[2m3 tests[22m[2m)[22m[90m 259[2mms[22m[39m
[90mstderr[2m | src/slices/admin/__tests__/AdminMetricsView.test.ts[2m > [22m[2mAdminMetricsView[2m > [22m[2mrenders without errors
[22m[39m[intlify] Not found 'admin.metrics.title' key in 'en' locale messages.

[90mstderr[2m | src/slices/admin/__tests__/AdminMetricsView.test.ts[2m > [22m[2mAdminMetricsView[2m > [22m[2mdisplays metric cards with values when data loads
[22m[39m[intlify] Not found 'admin.metrics.title' key in 'en' locale messages.
[intlify] Not found 'admin.metrics.title' key in 'en' locale messages.
[intlify] Not found 'admin.metrics.totalUsers' key in 'en' locale messages.
[intlify] Not found 'admin.metrics.totalOrgs' key in 'en' locale messages.
[intlify] Not found 'admin.metrics.totalProjects' key in 'en' locale messages.
[intlify] Not found 'admin.metrics.totalAuditEntries' key in 'en' locale messages.
[intlify] Not found 'admin.metrics.title' key in 'en' locale messages.
[intlify] Not found 'admin.metrics.totalUsers' key in 'en' locale messages.
[intlify] Not found 'admin.metrics.totalOrgs' key in 'en' locale messages.
[intlify] Not found 'admin.metrics.totalProjects' key in 'en' locale messages.
[intlify] Not found 'admin.metrics.totalAuditEntries' key in 'en' locale messages.

 [32m✓[39m src/slices/admin/__tests__/AdminMetricsView.test.ts [2m([22m[2m2 tests[22m[2m)[22m[33m 371[2mms[22m[39m
[90mstderr[2m | src/slices/admin/__tests__/AdminHomeView.test.ts[2m > [22m[2mAdminHomeView[2m > [22m[2mrenders without errors
[22m[39m[intlify] Not found 'admin.home.title' key in 'en' locale messages.
[intlify] Not found 'admin.nav.users' key in 'en' locale messages.
[intlify] Not found 'admin.nav.admins' key in 'en' locale messages.
[intlify] Not found 'admin.nav.ipBans' key in 'en' locale messages.
[intlify] Not found 'admin.nav.orgs' key in 'en' locale messages.
[intlify] Not found 'admin.nav.projects' key in 'en' locale messages.
[intlify] Not found 'admin.nav.audit' key in 'en' locale messages.
[intlify] Not found 'admin.nav.ops' key in 'en' locale messages.
[intlify] Not found 'admin.nav.rateLimits' key in 'en' locale messages.
[intlify] Not found 'admin.nav.metrics' key in 'en' locale messages.

[90mstderr[2m | src/slices/admin/__tests__/AdminHomeView.test.ts[2m > [22m[2mAdminHomeView[2m > [22m[2mdisplays nav links for all admin sections
[22m[39m[intlify] Not found 'admin.home.title' key in 'en' locale messages.
[intlify] Not found 'admin.nav.users' key in 'en' locale messages.
[intlify] Not found 'admin.nav.admins' key in 'en' locale messages.
[intlify] Not found 'admin.nav.ipBans' key in 'en' locale messages.
[intlify] Not found 'admin.nav.orgs' key in 'en' locale messages.
[intlify] Not found 'admin.nav.projects' key in 'en' locale messages.
[intlify] Not found 'admin.nav.audit' key in 'en' locale messages.
[intlify] Not found 'admin.nav.ops' key in 'en' locale messages.
[intlify] Not found 'admin.nav.rateLimits' key in 'en' locale messages.
[intlify] Not found 'admin.nav.metrics' key in 'en' locale messages.

[90mstderr[2m | src/slices/admin/__tests__/AdminHomeView.test.ts[2m > [22m[2mAdminHomeView[2m > [22m[2mshows metric cards when data loads
[22m[39m[intlify] Not found 'admin.home.title' key in 'en' locale messages.
[intlify] Not found 'admin.metrics.totalUsers' key in 'en' locale messages.
[intlify] Not found 'admin.metrics.totalOrgs' key in 'en' locale messages.
[intlify] Not found 'admin.metrics.totalProjects' key in 'en' locale messages.
[intlify] Not found 'admin.metrics.totalAuditEntries' key in 'en' locale messages.
[intlify] Not found 'admin.home.title' key in 'en' locale messages.
[intlify] Not found 'admin.nav.users' key in 'en' locale messages.
[intlify] Not found 'admin.nav.admins' key in 'en' locale messages.
[intlify] Not found 'admin.nav.ipBans' key in 'en' locale messages.
[intlify] Not found 'admin.nav.orgs' key in 'en' locale messages.
[intlify] Not found 'admin.nav.projects' key in 'en' locale messages.
[intlify] Not found 'admin.nav.audit' key in 'en' locale messages.
[intlify] Not found 'admin.nav.ops' key in 'en' locale messages.
[intlify] Not found 'admin.nav.rateLimits' key in 'en' locale messages.
[intlify] Not found 'admin.nav.metrics' key in 'en' locale messages.
[intlify] Not found 'admin.home.title' key in 'en' locale messages.
[intlify] Not found 'admin.metrics.totalUsers' key in 'en' locale messages.
[intlify] Not found 'admin.metrics.totalOrgs' key in 'en' locale messages.
[intlify] Not found 'admin.metrics.totalProjects' key in 'en' locale messages.
[intlify] Not found 'admin.metrics.totalAuditEntries' key in 'en' locale messages.
[intlify] Not found 'admin.home.title' key in 'en' locale messages.
[intlify] Not found 'admin.metrics.totalUsers' key in 'en' locale messages.
[intlify] Not found 'admin.metrics.totalOrgs' key in 'en' locale messages.
[intlify] Not found 'admin.metrics.totalProjects' key in 'en' locale messages.
[intlify] Not found 'admin.metrics.totalAuditEntries' key in 'en' locale messages.

 [32m✓[39m src/slices/admin/__tests__/AdminHomeView.test.ts [2m([22m[2m3 tests[22m[2m)[22m[33m 677[2mms[22m[39m
[90mstderr[2m | src/slices/conversation/__tests__/ChatroomListView.test.ts[2m > [22m[2mChatroomListView[2m > [22m[2mrenders without errors
[22m[39m[intlify] Not found 'conversation.chatrooms.title' key in 'en' locale messages.
[intlify] Not found 'conversation.chatrooms.create' key in 'en' locale messages.

[90mstderr[2m | src/slices/conversation/__tests__/ChatroomListView.test.ts[2m > [22m[2mChatroomListView[2m > [22m[2mshows the create form with a submit button
[22m[39m[intlify] Not found 'conversation.chatrooms.title' key in 'en' locale messages.
[intlify] Not found 'conversation.chatrooms.create' key in 'en' locale messages.

[90mstderr[2m | src/slices/conversation/__tests__/ChatroomListView.test.ts[2m > [22m[2mChatroomListView
[22m[39m[intlify] Not found 'conversation.chatrooms.title' key in 'en' locale messages.
[intlify] Not found 'conversation.chatrooms.create' key in 'en' locale messages.
[intlify] Not found 'conversation.chatrooms.empty' key in 'en' locale messages.

[90mstderr[2m | src/slices/conversation/__tests__/ChatroomListView.test.ts
[22m[39m[intlify] Not found 'conversation.chatrooms.title' key in 'en' locale messages.
[intlify] Not found 'conversation.chatrooms.create' key in 'en' locale messages.
[intlify] Not found 'conversation.chatrooms.empty' key in 'en' locale messages.

 [32m✓[39m src/slices/conversation/__tests__/ChatroomListView.test.ts [2m([22m[2m2 tests[22m[2m)[22m[33m 415[2mms[22m[39m
[90mstderr[2m | src/slices/conversation/__tests__/GuestLandingView.test.ts[2m > [22m[2mGuestLandingView[2m > [22m[2mrenders without errors
[22m[39m[intlify] Not found 'conversation.guest.enrolling' key in 'en' locale messages.

[90mstderr[2m | src/slices/conversation/__tests__/GuestLandingView.test.ts[2m > [22m[2mGuestLandingView[2m > [22m[2mshows the enrolling state initially
[22m[39m[intlify] Not found 'conversation.guest.enrolling' key in 'en' locale messages.

[90mstderr[2m | src/slices/conversation/__tests__/GuestLandingView.test.ts
[22m[39m[intlify] Not found 'conversation.guest.done' key in 'en' locale messages.
[intlify] Not found 'conversation.guest.done' key in 'en' locale messages.

 [32m✓[39m src/slices/conversation/__tests__/GuestLandingView.test.ts [2m([22m[2m2 tests[22m[2m)[22m[33m 361[2mms[22m[39m
[90mstderr[2m | src/slices/keys/__tests__/KeyGroupListView.test.ts[2m > [22m[2mKeyGroupListView[2m > [22m[2mrenders without errors
[22m[39m[intlify] Not found 'keys.groups.listTitle' key in 'en' locale messages.
[intlify] Not found 'keys.groups.namePlaceholder' key in 'en' locale messages.
[intlify] Not found 'keys.groups.create' key in 'en' locale messages.
[intlify] Not found 'keys.groups.empty' key in 'en' locale messages.

[90mstderr[2m | src/slices/keys/__tests__/KeyGroupListView.test.ts[2m > [22m[2mKeyGroupListView[2m > [22m[2mshows create form with name input and submit button
[22m[39m[intlify] Not found 'keys.groups.listTitle' key in 'en' locale messages.
[intlify] Not found 'keys.groups.namePlaceholder' key in 'en' locale messages.
[intlify] Not found 'keys.groups.create' key in 'en' locale messages.
[intlify] Not found 'keys.groups.empty' key in 'en' locale messages.

[90mstderr[2m | src/slices/keys/__tests__/KeyGroupListView.test.ts
[22m[39m[MSW] Warning: intercepted a request without a matching request handler:

  • GET /api/projects/proj_1/key-groups

If you still wish to intercept this unhandled request, please create a request handler for it.
Read more: https://mswjs.io/docs/getting-started/mocks
[MSW] Warning: intercepted a request without a matching request handler:

  • GET /api/projects/proj_1/key-groups

If you still wish to intercept this unhandled request, please create a request handler for it.
Read more: https://mswjs.io/docs/getting-started/mocks

 [32m✓[39m src/slices/keys/__tests__/KeyGroupListView.test.ts [2m([22m[2m2 tests[22m[2m)[22m[33m 524[2mms[22m[39m
   [33m[2m✓[22m[39m KeyGroupListView[2m > [22mrenders without errors [33m322[2mms[22m[39m
[90mstderr[2m | src/slices/admin/__tests__/AdminRateLimitsView.test.ts[2m > [22m[2mAdminRateLimitsView[2m > [22m[2mrenders without errors
[22m[39m[intlify] Not found 'admin.rateLimits.title' key in 'en' locale messages.

[90mstderr[2m | src/slices/admin/__tests__/AdminRateLimitsView.test.ts[2m > [22m[2mAdminRateLimitsView[2m > [22m[2mrenders editable rate limit rows with save buttons
[22m[39m[intlify] Not found 'admin.rateLimits.title' key in 'en' locale messages.
[intlify] Not found 'admin.rateLimits.title' key in 'en' locale messages.
[intlify] Not found 'admin.rateLimits.key' key in 'en' locale messages.
[intlify] Not found 'admin.rateLimits.window' key in 'en' locale messages.
[intlify] Not found 'admin.rateLimits.maxCount' key in 'en' locale messages.
[intlify] Not found 'admin.rateLimits.scope' key in 'en' locale messages.
[intlify] Not found 'admin.rateLimits.updated' key in 'en' locale messages.
[intlify] Not found 'admin.users.actions' key in 'en' locale messages.
[intlify] Not found 'admin.rateLimits.save' key in 'en' locale messages.
[intlify] Not found 'admin.rateLimits.save' key in 'en' locale messages.
[intlify] Not found 'admin.rateLimits.title' key in 'en' locale messages.
[intlify] Not found 'admin.rateLimits.key' key in 'en' locale messages.
[intlify] Not found 'admin.rateLimits.window' key in 'en' locale messages.
[intlify] Not found 'admin.rateLimits.maxCount' key in 'en' locale messages.
[intlify] Not found 'admin.rateLimits.scope' key in 'en' locale messages.
[intlify] Not found 'admin.rateLimits.updated' key in 'en' locale messages.
[intlify] Not found 'admin.users.actions' key in 'en' locale messages.

 [32m✓[39m src/slices/admin/__tests__/AdminRateLimitsView.test.ts [2m([22m[2m2 tests[22m[2m)[22m[33m 544[2mms[22m[39m
[90mstderr[2m | src/slices/conversation/__tests__/WorkspaceListView.test.ts[2m > [22m[2mWorkspaceListView[2m > [22m[2mrenders without errors
[22m[39m[intlify] Not found 'conversation.workspaces.title' key in 'en' locale messages.
[intlify] Not found 'conversation.workspaces.create' key in 'en' locale messages.
[intlify] Not found 'conversation.workspaces.loading' key in 'en' locale messages.

[90mstderr[2m | src/slices/conversation/__tests__/WorkspaceListView.test.ts[2m > [22m[2mWorkspaceListView[2m > [22m[2mshows the create form with an input and submit button
[22m[39m[intlify] Not found 'conversation.workspaces.title' key in 'en' locale messages.
[intlify] Not found 'conversation.workspaces.create' key in 'en' locale messages.
[intlify] Not found 'conversation.workspaces.loading' key in 'en' locale messages.

[90mstderr[2m | src/slices/conversation/__tests__/WorkspaceListView.test.ts[2m > [22m[2mWorkspaceListView
[22m[39m[intlify] Not found 'conversation.workspaces.title' key in 'en' locale messages.
[intlify] Not found 'conversation.workspaces.create' key in 'en' locale messages.

[90mstderr[2m | src/slices/conversation/__tests__/WorkspaceListView.test.ts
[22m[39m[intlify] Not found 'conversation.workspaces.title' key in 'en' locale messages.
[intlify] Not found 'conversation.workspaces.create' key in 'en' locale messages.

 [32m✓[39m src/slices/conversation/__tests__/WorkspaceListView.test.ts [2m([22m[2m2 tests[22m[2m)[22m[33m 493[2mms[22m[39m
[90mstderr[2m | src/slices/keys/__tests__/KeyGroupDetailView.test.ts[2m > [22m[2mKeyGroupDetailView[2m > [22m[2mshows add-member form controls
[22m[39m[MSW] Warning: intercepted a request without a matching request handler:

  • GET /api/key-groups/kg_1

If you still wish to intercept this unhandled request, please create a request handler for it.
Read more: https://mswjs.io/docs/getting-started/mocks
[MSW] Warning: intercepted a request without a matching request handler:

  • GET /api/key-groups/kg_1

If you still wish to intercept this unhandled request, please create a request handler for it.
Read more: https://mswjs.io/docs/getting-started/mocks

 [31m❯[39m src/slices/keys/__tests__/KeyGroupDetailView.test.ts [2m([22m[2m2 tests[22m[2m | [22m[31m1 failed[39m[2m)[22m[33m 730[2mms[22m[39m
[31m   [31m×[31m KeyGroupDetailView[2m > [22mshows add-member form controls[33m 504[2mms[22m[31m[39m
[31m     → expected false to be true // Object.is equality[39m
[90mstderr[2m | VirtualConsole.<anonymous> (C:\dev\SMAP\node_modules\.pnpm\jsdom@25.0.1\node_modules\jsdom\lib\jsdom\virtual-console.js:29:45)
[22m[39mError: AggregateError
    at Object.dispatchError (C:\dev\SMAP\node_modules\.pnpm\jsdom@25.0.1\node_modules\jsdom\lib\jsdom\living\xhr\xhr-utils.js:63:19)
    at Request.<anonymous> (C:\dev\SMAP\node_modules\.pnpm\jsdom@25.0.1\node_modules\jsdom\lib\jsdom\living\xhr\XMLHttpRequest-impl.js:655:18)
    at Request.emit (node:events:530:35)
    at ClientRequest.<anonymous> (C:\dev\SMAP\node_modules\.pnpm\jsdom@25.0.1\node_modules\jsdom\lib\jsdom\living\helpers\http-request.js:127:14)
    at ClientRequest.emit (node:events:518:28)
    at emitErrorEvent (node:_http_client:104:11)
    at MockHttpSocket.socketErrorListener (node:_http_client:518:5)
    at MockHttpSocket.emit (node:events:530:35)
    at MockHttpSocket.emit (file:///C:/dev/SMAP/node_modules/.pnpm/@mswjs+interceptors@0.37.6/node_modules/@mswjs/interceptors/src/interceptors/ClientRequest/MockHttpSocket.ts:152:12)
    at Socket.<anonymous> (file:///C:/dev/SMAP/node_modules/.pnpm/@mswjs+interceptors@0.37.6/node_modules/@mswjs/interceptors/src/interceptors/ClientRequest/MockHttpSocket.ts:271:14) [90mundefined[39m
Error: AggregateError
    at Object.dispatchError (C:\dev\SMAP\node_modules\.pnpm\jsdom@25.0.1\node_modules\jsdom\lib\jsdom\living\xhr\xhr-utils.js:63:19)
    at Request.<anonymous> (C:\dev\SMAP\node_modules\.pnpm\jsdom@25.0.1\node_modules\jsdom\lib\jsdom\living\xhr\XMLHttpRequest-impl.js:655:18)
    at Request.emit (node:events:530:35)
    at ClientRequest.<anonymous> (C:\dev\SMAP\node_modules\.pnpm\jsdom@25.0.1\node_modules\jsdom\lib\jsdom\living\helpers\http-request.js:127:14)
    at ClientRequest.emit (node:events:518:28)
    at emitErrorEvent (node:_http_client:104:11)
    at MockHttpSocket.socketErrorListener (node:_http_client:518:5)
    at MockHttpSocket.emit (node:events:530:35)
    at MockHttpSocket.emit (file:///C:/dev/SMAP/node_modules/.pnpm/@mswjs+interceptors@0.37.6/node_modules/@mswjs/interceptors/src/interceptors/ClientRequest/MockHttpSocket.ts:152:12)
    at Socket.<anonymous> (file:///C:/dev/SMAP/node_modules/.pnpm/@mswjs+interceptors@0.37.6/node_modules/@mswjs/interceptors/src/interceptors/ClientRequest/MockHttpSocket.ts:271:14) [90mundefined[39m

[90mstderr[2m | src/slices/tenancy/__tests__/ProjectListView.test.ts[2m > [22m[2mProjectListView[2m > [22m[2mrenders without errors
[22m[39m[intlify] Not found 'tenancy.projects.listTitle' key in 'en' locale messages.
[intlify] Not found 'tenancy.projects.scope' key in 'en' locale messages.
[intlify] Not found 'tenancy.projects.user' key in 'en' locale messages.
[intlify] Not found 'tenancy.projects.org' key in 'en' locale messages.
[intlify] Not found 'tenancy.projects.ownerIdPlaceholder' key in 'en' locale messages.
[intlify] Not found 'tenancy.projects.namePlaceholder' key in 'en' locale messages.
[intlify] Not found 'tenancy.projects.create' key in 'en' locale messages.
[intlify] Not found 'tenancy.projects.empty' key in 'en' locale messages.
[intlify] Not found 'tenancy.projects.listTitle' key in 'en' locale messages.
[intlify] Not found 'tenancy.projects.scope' key in 'en' locale messages.
[intlify] Not found 'tenancy.projects.user' key in 'en' locale messages.
[intlify] Not found 'tenancy.projects.org' key in 'en' locale messages.
[intlify] Not found 'tenancy.projects.ownerIdPlaceholder' key in 'en' locale messages.
[intlify] Not found 'tenancy.projects.namePlaceholder' key in 'en' locale messages.
[intlify] Not found 'tenancy.projects.create' key in 'en' locale messages.
[intlify] Not found 'tenancy.projects.loading' key in 'en' locale messages.

[90mstderr[2m | src/slices/tenancy/__tests__/ProjectListView.test.ts[2m > [22m[2mProjectListView[2m > [22m[2mhas a scope selector and create form
[22m[39m[intlify] Not found 'tenancy.projects.listTitle' key in 'en' locale messages.
[intlify] Not found 'tenancy.projects.scope' key in 'en' locale messages.
[intlify] Not found 'tenancy.projects.user' key in 'en' locale messages.
[intlify] Not found 'tenancy.projects.org' key in 'en' locale messages.
[intlify] Not found 'tenancy.projects.ownerIdPlaceholder' key in 'en' locale messages.
[intlify] Not found 'tenancy.projects.namePlaceholder' key in 'en' locale messages.
[intlify] Not found 'tenancy.projects.create' key in 'en' locale messages.
[intlify] Not found 'tenancy.projects.empty' key in 'en' locale messages.
[intlify] Not found 'tenancy.projects.listTitle' key in 'en' locale messages.
[intlify] Not found 'tenancy.projects.scope' key in 'en' locale messages.
[intlify] Not found 'tenancy.projects.user' key in 'en' locale messages.
[intlify] Not found 'tenancy.projects.org' key in 'en' locale messages.
[intlify] Not found 'tenancy.projects.ownerIdPlaceholder' key in 'en' locale messages.
[intlify] Not found 'tenancy.projects.namePlaceholder' key in 'en' locale messages.
[intlify] Not found 'tenancy.projects.create' key in 'en' locale messages.
[intlify] Not found 'tenancy.projects.loading' key in 'en' locale messages.

[90mstderr[2m | src/slices/tenancy/__tests__/ProjectListView.test.ts
[22m[39m[intlify] Not found 'tenancy.projects.listTitle' key in 'en' locale messages.
[intlify] Not found 'tenancy.projects.scope' key in 'en' locale messages.
[intlify] Not found 'tenancy.projects.user' key in 'en' locale messages.
[intlify] Not found 'tenancy.projects.org' key in 'en' locale messages.
[intlify] Not found 'tenancy.projects.ownerIdPlaceholder' key in 'en' locale messages.
[intlify] Not found 'tenancy.projects.namePlaceholder' key in 'en' locale messages.
[intlify] Not found 'tenancy.projects.create' key in 'en' locale messages.
[intlify] Not found 'tenancy.projects.empty' key in 'en' locale messages.
[intlify] Not found 'tenancy.projects.listTitle' key in 'en' locale messages.
[intlify] Not found 'tenancy.projects.scope' key in 'en' locale messages.
[intlify] Not found 'tenancy.projects.user' key in 'en' locale messages.
[intlify] Not found 'tenancy.projects.org' key in 'en' locale messages.
[intlify] Not found 'tenancy.projects.ownerIdPlaceholder' key in 'en' locale messages.
[intlify] Not found 'tenancy.projects.namePlaceholder' key in 'en' locale messages.
[intlify] Not found 'tenancy.projects.create' key in 'en' locale messages.
[intlify] Not found 'tenancy.projects.empty' key in 'en' locale messages.

 [32m✓[39m src/slices/tenancy/__tests__/ProjectListView.test.ts [2m([22m[2m2 tests[22m[2m)[22m[33m 404[2mms[22m[39m
[90mstderr[2m | src/slices/admin/__tests__/AdminAdminsView.test.ts[2m > [22m[2mAdminAdminsView[2m > [22m[2mrenders without errors
[22m[39m[intlify] Not found 'admin.admins.title' key in 'en' locale messages.
[intlify] Not found 'admin.admins.userIdPlaceholder' key in 'en' locale messages.
[intlify] Not found 'admin.admins.promote' key in 'en' locale messages.

[90mstderr[2m | src/slices/admin/__tests__/AdminAdminsView.test.ts[2m > [22m[2mAdminAdminsView[2m > [22m[2mrenders the promote form and admin rows with demote buttons
[22m[39m[intlify] Not found 'admin.admins.title' key in 'en' locale messages.
[intlify] Not found 'admin.admins.userIdPlaceholder' key in 'en' locale messages.
[intlify] Not found 'admin.admins.promote' key in 'en' locale messages.
[intlify] Not found 'admin.admins.title' key in 'en' locale messages.
[intlify] Not found 'admin.admins.userIdPlaceholder' key in 'en' locale messages.
[intlify] Not found 'admin.admins.promote' key in 'en' locale messages.
[intlify] Not found 'admin.admins.userId' key in 'en' locale messages.
[intlify] Not found 'admin.admins.promotedBy' key in 'en' locale messages.
[intlify] Not found 'admin.admins.promotedAt' key in 'en' locale messages.
[intlify] Not found 'admin.users.actions' key in 'en' locale messages.
[intlify] Not found 'admin.admins.demote' key in 'en' locale messages.
[intlify] Not found 'admin.admins.demote' key in 'en' locale messages.
[intlify] Not found 'admin.admins.title' key in 'en' locale messages.
[intlify] Not found 'admin.admins.userIdPlaceholder' key in 'en' locale messages.
[intlify] Not found 'admin.admins.promote' key in 'en' locale messages.
[intlify] Not found 'admin.admins.userId' key in 'en' locale messages.
[intlify] Not found 'admin.admins.promotedBy' key in 'en' locale messages.
[intlify] Not found 'admin.admins.promotedAt' key in 'en' locale messages.
[intlify] Not found 'admin.users.actions' key in 'en' locale messages.

 [32m✓[39m src/slices/admin/__tests__/AdminAdminsView.test.ts [2m([22m[2m2 tests[22m[2m)[22m[33m 565[2mms[22m[39m
   [33m[2m✓[22m[39m AdminAdminsView[2m > [22mrenders without errors [33m358[2mms[22m[39m
[90mstderr[2m | src/slices/admin/__tests__/AdminProjectsView.test.ts[2m > [22m[2mAdminProjectsView[2m > [22m[2mrenders without errors
[22m[39m[intlify] Not found 'admin.projects.title' key in 'en' locale messages.

[90mstderr[2m | src/slices/admin/__tests__/AdminProjectsView.test.ts[2m > [22m[2mAdminProjectsView[2m > [22m[2mrenders project rows as read-only (no action buttons)
[22m[39m[intlify] Not found 'admin.projects.title' key in 'en' locale messages.
[intlify] Not found 'admin.projects.title' key in 'en' locale messages.
[intlify] Not found 'admin.projects.name' key in 'en' locale messages.
[intlify] Not found 'admin.projects.ownerUser' key in 'en' locale messages.
[intlify] Not found 'admin.projects.ownerOrg' key in 'en' locale messages.
[intlify] Not found 'admin.users.created' key in 'en' locale messages.
[intlify] Not found 'admin.orgs.deleted' key in 'en' locale messages.
[intlify] Not found 'admin.projects.title' key in 'en' locale messages.
[intlify] Not found 'admin.projects.name' key in 'en' locale messages.
[intlify] Not found 'admin.projects.ownerUser' key in 'en' locale messages.
[intlify] Not found 'admin.projects.ownerOrg' key in 'en' locale messages.
[intlify] Not found 'admin.users.created' key in 'en' locale messages.
[intlify] Not found 'admin.orgs.deleted' key in 'en' locale messages.

 [32m✓[39m src/slices/admin/__tests__/AdminProjectsView.test.ts [2m([22m[2m2 tests[22m[2m)[22m[33m 813[2mms[22m[39m
   [33m[2m✓[22m[39m AdminProjectsView[2m > [22mrenders without errors [33m324[2mms[22m[39m
   [33m[2m✓[22m[39m AdminProjectsView[2m > [22mrenders project rows as read-only (no action buttons) [33m471[2mms[22m[39m
[90mstderr[2m | src/slices/tenancy/__tests__/OrgDetailView.test.ts[2m > [22m[2mOrgDetailView[2m > [22m[2mrenders without errors
[22m[39m[intlify] Not found 'tenancy.orgs.loading' key in 'en' locale messages.

[90mstderr[2m | src/slices/tenancy/__tests__/OrgDetailView.test.ts[2m > [22m[2mOrgDetailView[2m > [22m[2mdisplays org name after loading
[22m[39m[intlify] Not found 'tenancy.orgs.delete' key in 'en' locale messages.
[intlify] Not found 'tenancy.orgs.members' key in 'en' locale messages.
[intlify] Not found 'tenancy.orgs.transferOwnership' key in 'en' locale messages.
[intlify] Not found 'tenancy.orgs.loading' key in 'en' locale messages.
[intlify] Not found 'tenancy.orgs.delete' key in 'en' locale messages.
[intlify] Not found 'tenancy.orgs.members' key in 'en' locale messages.
[intlify] Not found 'tenancy.orgs.transferOwnership' key in 'en' locale messages.

 [32m✓[39m src/slices/tenancy/__tests__/OrgDetailView.test.ts [2m([22m[2m2 tests[22m[2m)[22m[33m 354[2mms[22m[39m
[90mstderr[2m | src/slices/tenancy/__tests__/ProjectDetailView.test.ts[2m > [22m[2mProjectDetailView[2m > [22m[2mrenders without errors
[22m[39m[intlify] Not found 'tenancy.projects.loading' key in 'en' locale messages.

[90mstderr[2m | src/slices/tenancy/__tests__/ProjectDetailView.test.ts[2m > [22m[2mProjectDetailView[2m > [22m[2mdisplays project name after loading
[22m[39m[intlify] Not found 'tenancy.orgs.delete' key in 'en' locale messages.
[intlify] Not found 'tenancy.projects.members' key in 'en' locale messages.
[intlify] Not found 'tenancy.projects.loading' key in 'en' locale messages.
[intlify] Not found 'tenancy.orgs.delete' key in 'en' locale messages.
[intlify] Not found 'tenancy.projects.members' key in 'en' locale messages.

 [32m✓[39m src/slices/tenancy/__tests__/ProjectDetailView.test.ts [2m([22m[2m2 tests[22m[2m)[22m[33m 421[2mms[22m[39m
[90mstderr[2m | src/slices/keys/__tests__/ProjectKeysView.test.ts[2m > [22m[2mProjectKeysView[2m > [22m[2mrenders without errors
[22m[39m[intlify] Not found 'keys.project.title' key in 'en' locale messages.
[intlify] Not found 'keys.project.carried' key in 'en' locale messages.
[intlify] Not found 'keys.project.noneCarried' key in 'en' locale messages.
[intlify] Not found 'keys.project.carryNew' key in 'en' locale messages.
[intlify] Not found 'keys.project.noneCarriable' key in 'en' locale messages.

[90mstderr[2m | src/slices/keys/__tests__/ProjectKeysView.test.ts[2m > [22m[2mProjectKeysView[2m > [22m[2mshows carried and carriable key lists
[22m[39m[intlify] Not found 'keys.project.title' key in 'en' locale messages.
[intlify] Not found 'keys.project.carried' key in 'en' locale messages.
[intlify] Not found 'keys.project.noneCarried' key in 'en' locale messages.
[intlify] Not found 'keys.project.carryNew' key in 'en' locale messages.
[intlify] Not found 'keys.project.noneCarriable' key in 'en' locale messages.
[intlify] Not found 'keys.project.title' key in 'en' locale messages.
[intlify] Not found 'keys.project.carried' key in 'en' locale messages.
[intlify] Not found 'keys.project.noneCarried' key in 'en' locale messages.
[intlify] Not found 'keys.project.carryNew' key in 'en' locale messages.
[intlify] Not found 'keys.project.noneCarriable' key in 'en' locale messages.
[intlify] Not found 'keys.project.title' key in 'en' locale messages.
[intlify] Not found 'keys.project.carried' key in 'en' locale messages.
[intlify] Not found 'keys.project.noneCarried' key in 'en' locale messages.
[intlify] Not found 'keys.project.carryNew' key in 'en' locale messages.
[intlify] Not found 'keys.project.noneCarriable' key in 'en' locale messages.
[intlify] Not found 'keys.project.title' key in 'en' locale messages.
[intlify] Not found 'keys.project.carried' key in 'en' locale messages.
[intlify] Not found 'keys.project.noneCarried' key in 'en' locale messages.
[intlify] Not found 'keys.project.carryNew' key in 'en' locale messages.
[intlify] Not found 'keys.project.noneCarriable' key in 'en' locale messages.
[intlify] Not found 'keys.project.title' key in 'en' locale messages.
[intlify] Not found 'keys.project.carried' key in 'en' locale messages.
[intlify] Not found 'keys.project.noneCarried' key in 'en' locale messages.
[intlify] Not found 'keys.project.carryNew' key in 'en' locale messages.
[intlify] Not found 'keys.project.noneCarriable' key in 'en' locale messages.

 [32m✓[39m src/slices/keys/__tests__/ProjectKeysView.test.ts [2m([22m[2m2 tests[22m[2m)[22m[33m 348[2mms[22m[39m
[90mstderr[2m | src/slices/identity/__tests__/PasswordResetConfirmView.test.ts[2m > [22m[2mPasswordResetConfirmView[2m > [22m[2mrenders without errors
[22m[39m[intlify] Not found 'identity.passwordReset.confirmTitle' key in 'en' locale messages.
[intlify] Not found 'identity.passwordReset.newPassword' key in 'en' locale messages.
[intlify] Not found 'identity.passwordReset.confirmSubmit' key in 'en' locale messages.

[90mstderr[2m | src/slices/identity/__tests__/PasswordResetConfirmView.test.ts[2m > [22m[2mPasswordResetConfirmView[2m > [22m[2mshows password input field
[22m[39m[intlify] Not found 'identity.passwordReset.confirmTitle' key in 'en' locale messages.
[intlify] Not found 'identity.passwordReset.newPassword' key in 'en' locale messages.
[intlify] Not found 'identity.passwordReset.confirmSubmit' key in 'en' locale messages.

[90mstderr[2m | src/slices/identity/__tests__/PasswordResetConfirmView.test.ts[2m > [22m[2mPasswordResetConfirmView[2m > [22m[2mshows error when submitting without token
[22m[39m[intlify] Not found 'identity.passwordReset.confirmTitle' key in 'en' locale messages.
[intlify] Not found 'identity.passwordReset.newPassword' key in 'en' locale messages.
[intlify] Not found 'identity.passwordReset.confirmSubmit' key in 'en' locale messages.
[intlify] Not found 'identity.passwordReset.confirmTitle' key in 'en' locale messages.
[intlify] Not found 'identity.passwordReset.newPassword' key in 'en' locale messages.
[intlify] Not found 'identity.passwordReset.confirmSubmit' key in 'en' locale messages.
[intlify] Not found 'identity.passwordReset.confirmTitle' key in 'en' locale messages.
[intlify] Not found 'identity.passwordReset.newPassword' key in 'en' locale messages.
[intlify] Not found 'identity.passwordReset.confirmSubmit' key in 'en' locale messages.

 [32m✓[39m src/slices/identity/__tests__/PasswordResetConfirmView.test.ts [2m([22m[2m3 tests[22m[2m)[22m[90m 252[2mms[22m[39m
[90mstderr[2m | src/slices/tenancy/__tests__/OrgTransferView.test.ts[2m > [22m[2mOrgTransferView[2m > [22m[2mrenders without errors
[22m[39m[intlify] Not found 'tenancy.transfer.title' key in 'en' locale messages.
[intlify] Not found 'tenancy.transfer.none' key in 'en' locale messages.
[intlify] Not found 'tenancy.transfer.targetLabel' key in 'en' locale messages.
[intlify] Not found 'tenancy.transfer.targetPlaceholder' key in 'en' locale messages.
[intlify] Not found 'tenancy.transfer.initiate' key in 'en' locale messages.

[90mstderr[2m | src/slices/tenancy/__tests__/OrgTransferView.test.ts[2m > [22m[2mOrgTransferView[2m > [22m[2mshows initiate form when no pending transfer
[22m[39m[intlify] Not found 'tenancy.transfer.title' key in 'en' locale messages.
[intlify] Not found 'tenancy.transfer.none' key in 'en' locale messages.
[intlify] Not found 'tenancy.transfer.targetLabel' key in 'en' locale messages.
[intlify] Not found 'tenancy.transfer.targetPlaceholder' key in 'en' locale messages.
[intlify] Not found 'tenancy.transfer.initiate' key in 'en' locale messages.

 [32m✓[39m src/slices/tenancy/__tests__/OrgTransferView.test.ts [2m([22m[2m2 tests[22m[2m)[22m[33m 525[2mms[22m[39m
   [33m[2m✓[22m[39m OrgTransferView[2m > [22mshows initiate form when no pending transfer [33m309[2mms[22m[39m
[90mstderr[2m | src/slices/identity/__tests__/RegisterView.test.ts[2m > [22m[2mRegisterView[2m > [22m[2mrenders without errors
[22m[39m[intlify] Not found 'identity.register.title' key in 'en' locale messages.
[intlify] Not found 'identity.register.email' key in 'en' locale messages.
[intlify] Not found 'identity.register.password' key in 'en' locale messages.
[intlify] Not found 'identity.register.captcha' key in 'en' locale messages.
[intlify] Not found 'identity.register.captchaPlaceholder' key in 'en' locale messages.
[intlify] Not found 'identity.register.submit' key in 'en' locale messages.
[intlify] Not found 'identity.register.loginLink' key in 'en' locale messages.

[90mstderr[2m | src/slices/identity/__tests__/RegisterView.test.ts[2m > [22m[2mRegisterView[2m > [22m[2mshows email, password, and captcha fields
[22m[39m[intlify] Not found 'identity.register.title' key in 'en' locale messages.
[intlify] Not found 'identity.register.email' key in 'en' locale messages.
[intlify] Not found 'identity.register.password' key in 'en' locale messages.
[intlify] Not found 'identity.register.captcha' key in 'en' locale messages.
[intlify] Not found 'identity.register.captchaPlaceholder' key in 'en' locale messages.
[intlify] Not found 'identity.register.submit' key in 'en' locale messages.
[intlify] Not found 'identity.register.loginLink' key in 'en' locale messages.

[90mstderr[2m | src/slices/identity/__tests__/RegisterView.test.ts[2m > [22m[2mRegisterView[2m > [22m[2mhas a link back to login
[22m[39m[intlify] Not found 'identity.register.title' key in 'en' locale messages.
[intlify] Not found 'identity.register.email' key in 'en' locale messages.
[intlify] Not found 'identity.register.password' key in 'en' locale messages.
[intlify] Not found 'identity.register.captcha' key in 'en' locale messages.
[intlify] Not found 'identity.register.captchaPlaceholder' key in 'en' locale messages.
[intlify] Not found 'identity.register.submit' key in 'en' locale messages.
[intlify] Not found 'identity.register.loginLink' key in 'en' locale messages.

 [32m✓[39m src/slices/identity/__tests__/RegisterView.test.ts [2m([22m[2m3 tests[22m[2m)[22m[90m 229[2mms[22m[39m
[90mstderr[2m | src/slices/identity/__tests__/ChangePasswordView.test.ts[2m > [22m[2mChangePasswordView[2m > [22m[2mrenders without errors
[22m[39m[intlify] Not found 'identity.changePassword.title' key in 'en' locale messages.
[intlify] Not found 'identity.changePassword.current' key in 'en' locale messages.
[intlify] Not found 'identity.changePassword.new' key in 'en' locale messages.
[intlify] Not found 'identity.changePassword.submit' key in 'en' locale messages.

[90mstderr[2m | src/slices/identity/__tests__/ChangePasswordView.test.ts[2m > [22m[2mChangePasswordView[2m > [22m[2mshows current and new password fields
[22m[39m[intlify] Not found 'identity.changePassword.title' key in 'en' locale messages.
[intlify] Not found 'identity.changePassword.current' key in 'en' locale messages.
[intlify] Not found 'identity.changePassword.new' key in 'en' locale messages.
[intlify] Not found 'identity.changePassword.submit' key in 'en' locale messages.

[90mstderr[2m | src/slices/identity/__tests__/ChangePasswordView.test.ts[2m > [22m[2mChangePasswordView[2m > [22m[2msubmit button is present
[22m[39m[intlify] Not found 'identity.changePassword.title' key in 'en' locale messages.
[intlify] Not found 'identity.changePassword.current' key in 'en' locale messages.
[intlify] Not found 'identity.changePassword.new' key in 'en' locale messages.
[intlify] Not found 'identity.changePassword.submit' key in 'en' locale messages.

 [32m✓[39m src/slices/identity/__tests__/ChangePasswordView.test.ts [2m([22m[2m3 tests[22m[2m)[22m[90m 163[2mms[22m[39m
[90mstderr[2m | src/slices/admin/__tests__/AdminImpersonateLauncher.test.ts[2m > [22m[2mAdminImpersonateLauncher[2m > [22m[2mrenders without errors
[22m[39m[intlify] Not found 'admin.impersonation.title' key in 'en' locale messages.
[intlify] Not found 'admin.impersonation.description' key in 'en' locale messages.
[intlify] Not found 'admin.impersonation.targetPlaceholder' key in 'en' locale messages.
[intlify] Not found 'admin.impersonation.start' key in 'en' locale messages.

[90mstderr[2m | src/slices/admin/__tests__/AdminImpersonateLauncher.test.ts[2m > [22m[2mAdminImpersonateLauncher[2m > [22m[2mrenders user ID input and start button
[22m[39m[intlify] Not found 'admin.impersonation.title' key in 'en' locale messages.
[intlify] Not found 'admin.impersonation.description' key in 'en' locale messages.
[intlify] Not found 'admin.impersonation.targetPlaceholder' key in 'en' locale messages.
[intlify] Not found 'admin.impersonation.start' key in 'en' locale messages.

 [32m✓[39m src/slices/admin/__tests__/AdminImpersonateLauncher.test.ts [2m([22m[2m2 tests[22m[2m)[22m[90m 114[2mms[22m[39m
 [32m✓[39m src/slices/keys/__tests__/capabilities.test.ts [2m([22m[2m1 test[22m[2m)[22m[90m 13[2mms[22m[39m
[90mstderr[2m | src/slices/tenancy/__tests__/ProjectMembersView.test.ts[2m > [22m[2mProjectMembersView[2m > [22m[2mrenders without errors
[22m[39m[intlify] Not found 'tenancy.members.title' key in 'en' locale messages.
[intlify] Not found 'tenancy.members.roleMember' key in 'en' locale messages.
[intlify] Not found 'tenancy.members.roleOwner' key in 'en' locale messages.
[intlify] Not found 'tenancy.members.invite' key in 'en' locale messages.

[90mstderr[2m | src/slices/tenancy/__tests__/ProjectMembersView.test.ts[2m > [22m[2mProjectMembersView[2m > [22m[2mcontains an invite form with email input and role select
[22m[39m[intlify] Not found 'tenancy.members.title' key in 'en' locale messages.
[intlify] Not found 'tenancy.members.roleMember' key in 'en' locale messages.
[intlify] Not found 'tenancy.members.roleOwner' key in 'en' locale messages.
[intlify] Not found 'tenancy.members.invite' key in 'en' locale messages.
[intlify] Not found 'tenancy.members.title' key in 'en' locale messages.
[intlify] Not found 'tenancy.members.roleMember' key in 'en' locale messages.
[intlify] Not found 'tenancy.members.roleOwner' key in 'en' locale messages.
[intlify] Not found 'tenancy.members.invite' key in 'en' locale messages.

[90mstderr[2m | src/slices/tenancy/__tests__/ProjectMembersView.test.ts
[22m[39m[intlify] Not found 'tenancy.members.title' key in 'en' locale messages.
[intlify] Not found 'tenancy.members.roleMember' key in 'en' locale messages.
[intlify] Not found 'tenancy.members.roleOwner' key in 'en' locale messages.
[intlify] Not found 'tenancy.members.invite' key in 'en' locale messages.

 [32m✓[39m src/slices/tenancy/__tests__/ProjectMembersView.test.ts [2m([22m[2m2 tests[22m[2m)[22m[33m 358[2mms[22m[39m
[90mstderr[2m | src/slices/tenancy/__tests__/OrgListView.test.ts[2m > [22m[2mOrgListView[2m > [22m[2mrenders without errors
[22m[39m[intlify] Not found 'tenancy.orgs.listTitle' key in 'en' locale messages.
[intlify] Not found 'tenancy.orgs.createLabel' key in 'en' locale messages.
[intlify] Not found 'tenancy.orgs.namePlaceholder' key in 'en' locale messages.
[intlify] Not found 'tenancy.orgs.create' key in 'en' locale messages.

[90mstderr[2m | src/slices/tenancy/__tests__/OrgListView.test.ts[2m > [22m[2mOrgListView[2m > [22m[2mshows a create form with a submit button
[22m[39m[intlify] Not found 'tenancy.orgs.listTitle' key in 'en' locale messages.
[intlify] Not found 'tenancy.orgs.createLabel' key in 'en' locale messages.
[intlify] Not found 'tenancy.orgs.namePlaceholder' key in 'en' locale messages.
[intlify] Not found 'tenancy.orgs.create' key in 'en' locale messages.
[intlify] Not found 'tenancy.orgs.empty' key in 'en' locale messages.
[intlify] Not found 'tenancy.orgs.listTitle' key in 'en' locale messages.
[intlify] Not found 'tenancy.orgs.createLabel' key in 'en' locale messages.
[intlify] Not found 'tenancy.orgs.namePlaceholder' key in 'en' locale messages.
[intlify] Not found 'tenancy.orgs.create' key in 'en' locale messages.

[90mstderr[2m | src/slices/tenancy/__tests__/OrgListView.test.ts
[22m[39m[intlify] Not found 'tenancy.orgs.listTitle' key in 'en' locale messages.
[intlify] Not found 'tenancy.orgs.createLabel' key in 'en' locale messages.
[intlify] Not found 'tenancy.orgs.namePlaceholder' key in 'en' locale messages.
[intlify] Not found 'tenancy.orgs.create' key in 'en' locale messages.
[intlify] Not found 'tenancy.orgs.empty' key in 'en' locale messages.

 [32m✓[39m src/slices/tenancy/__tests__/OrgListView.test.ts [2m([22m[2m2 tests[22m[2m)[22m[90m 224[2mms[22m[39m
 [32m✓[39m src/shared/__tests__/sanity.test.ts [2m([22m[2m1 test[22m[2m)[22m[90m 8[2mms[22m[39m
[90mstderr[2m | src/slices/tenancy/__tests__/InboxInvitesView.test.ts[2m > [22m[2mInboxInvitesView[2m > [22m[2mrenders without errors
[22m[39m[intlify] Not found 'tenancy.invites.inboxTitle' key in 'en' locale messages.
[intlify] Not found 'tenancy.invites.unverifiedBlock' key in 'en' locale messages.
[intlify] Not found 'tenancy.invites.empty' key in 'en' locale messages.

[90mstderr[2m | src/slices/tenancy/__tests__/InboxInvitesView.test.ts[2m > [22m[2mInboxInvitesView[2m > [22m[2mshows empty state when there are no invites
[22m[39m[intlify] Not found 'tenancy.invites.inboxTitle' key in 'en' locale messages.
[intlify] Not found 'tenancy.invites.unverifiedBlock' key in 'en' locale messages.
[intlify] Not found 'tenancy.invites.empty' key in 'en' locale messages.
[intlify] Not found 'tenancy.invites.inboxTitle' key in 'en' locale messages.
[intlify] Not found 'tenancy.invites.unverifiedBlock' key in 'en' locale messages.
[intlify] Not found 'tenancy.invites.empty' key in 'en' locale messages.
[intlify] Not found 'tenancy.invites.inboxTitle' key in 'en' locale messages.
[intlify] Not found 'tenancy.invites.unverifiedBlock' key in 'en' locale messages.
[intlify] Not found 'tenancy.invites.empty' key in 'en' locale messages.

 [32m✓[39m src/slices/tenancy/__tests__/InboxInvitesView.test.ts [2m([22m[2m2 tests[22m[2m)[22m[33m 409[2mms[22m[39m
[90mstderr[2m | src/slices/workflow/__tests__/WorkflowRunView.test.ts[2m > [22m[2mWorkflowRunView[2m > [22m[2mrenders without errors
[22m[39m[intlify] Not found 'workflow.run.title' key in 'en' locale messages.
[intlify] Not found 'workflow.run.steps' key in 'en' locale messages.

[90mstderr[2m | src/slices/workflow/__tests__/WorkflowRunView.test.ts[2m > [22m[2mWorkflowRunView[2m > [22m[2mcontains the run detail section
[22m[39m[intlify] Not found 'workflow.run.title' key in 'en' locale messages.
[intlify] Not found 'workflow.run.steps' key in 'en' locale messages.

[90mstderr[2m | src/slices/workflow/__tests__/WorkflowRunView.test.ts
[22m[39m[intlify] Not found 'workflow.run.title' key in 'en' locale messages.
[intlify] Not found 'workflow.run.triggerType' key in 'en' locale messages.
[intlify] Not found 'workflow.run.started' key in 'en' locale messages.
[intlify] Not found 'workflow.run.ended' key in 'en' locale messages.
[intlify] Not found 'workflow.run.steps' key in 'en' locale messages.
[Vue warn]: Unhandled error during execution of setup function 
  at <RouterLink key=0 to= { name: [32m'workflow.runs'[39m, params: { workflowId: [32m'wf_1'[39m } } class="text-sm text-gray-500 hover:underline" > 
  at <WorkflowRunView ref="VTU_COMPONENT" > 
  at <VTUROOT>
[Vue warn]: Unhandled error during execution of component update 
  at <WorkflowRunView ref="VTU_COMPONENT" > 
  at <VTUROOT>
[intlify] Not found 'workflow.run.title' key in 'en' locale messages.
[intlify] Not found 'workflow.run.triggerType' key in 'en' locale messages.
[intlify] Not found 'workflow.run.started' key in 'en' locale messages.
[intlify] Not found 'workflow.run.ended' key in 'en' locale messages.
[intlify] Not found 'workflow.run.steps' key in 'en' locale messages.
[intlify] Not found 'workflow.run.noSteps' key in 'en' locale messages.
[Vue warn]: Unhandled error during execution of component update 
  at <WorkflowRunView ref="VTU_COMPONENT" > 
  at <VTUROOT>
[intlify] Not found 'workflow.run.title' key in 'en' locale messages.
[intlify] Not found 'workflow.run.triggerType' key in 'en' locale messages.
[intlify] Not found 'workflow.run.started' key in 'en' locale messages.
[intlify] Not found 'workflow.run.ended' key in 'en' locale messages.
[intlify] Not found 'workflow.run.steps' key in 'en' locale messages.
[Vue warn]: Unhandled error during execution of setup function 
  at <RouterLink key=0 to= { name: [32m'workflow.runs'[39m, params: { workflowId: [32m'wf_1'[39m } } class="text-sm text-gray-500 hover:underline" > 
  at <WorkflowRunView ref="VTU_COMPONENT" > 
  at <VTUROOT>
[Vue warn]: Unhandled error during execution of component update 
  at <WorkflowRunView ref="VTU_COMPONENT" > 
  at <VTUROOT>
[intlify] Not found 'workflow.run.title' key in 'en' locale messages.
[intlify] Not found 'workflow.run.triggerType' key in 'en' locale messages.
[intlify] Not found 'workflow.run.started' key in 'en' locale messages.
[intlify] Not found 'workflow.run.ended' key in 'en' locale messages.
[intlify] Not found 'workflow.run.steps' key in 'en' locale messages.
[intlify] Not found 'workflow.run.noSteps' key in 'en' locale messages.
[Vue warn]: Unhandled error during execution of component update 
  at <WorkflowRunView ref="VTU_COMPONENT" > 
  at <VTUROOT>

 [32m✓[39m src/slices/workflow/__tests__/WorkflowRunView.test.ts [2m([22m[2m2 tests[22m[2m)[22m[33m 404[2mms[22m[39m
[90mstderr[2m | src/app/__tests__/NotFound.test.ts[2m > [22m[2mNotFound[2m > [22m[2mrenders without errors
[22m[39m[intlify] Not found 'app.notFound' key in 'en' locale messages.
[intlify] Not found 'app.backToHome' key in 'en' locale messages.

[90mstderr[2m | src/app/__tests__/NotFound.test.ts[2m > [22m[2mNotFound[2m > [22m[2mdisplays 404 heading and a link back to home
[22m[39m[intlify] Not found 'app.notFound' key in 'en' locale messages.
[intlify] Not found 'app.backToHome' key in 'en' locale messages.

 [32m✓[39m src/app/__tests__/NotFound.test.ts [2m([22m[2m2 tests[22m[2m)[22m[90m 100[2mms[22m[39m
[90mstderr[2m | src/slices/admin/__tests__/AdminOrgsView.test.ts[2m > [22m[2mAdminOrgsView[2m > [22m[2mrenders without errors
[22m[39m[intlify] Not found 'admin.orgs.title' key in 'en' locale messages.

[90mstderr[2m | src/slices/admin/__tests__/AdminOrgsView.test.ts[2m > [22m[2mAdminOrgsView[2m > [22m[2mrenders org rows with action buttons
[22m[39m[intlify] Not found 'admin.orgs.title' key in 'en' locale messages.
[intlify] Not found 'admin.orgs.title' key in 'en' locale messages.
[intlify] Not found 'admin.orgs.name' key in 'en' locale messages.
[intlify] Not found 'admin.orgs.creator' key in 'en' locale messages.
[intlify] Not found 'admin.users.created' key in 'en' locale messages.
[intlify] Not found 'admin.orgs.deleted' key in 'en' locale messages.
[intlify] Not found 'admin.users.actions' key in 'en' locale messages.
[intlify] Not found 'admin.orgs.forceDelete' key in 'en' locale messages.
[intlify] Not found 'admin.orgs.forceTransfer' key in 'en' locale messages.
[intlify] Not found 'admin.orgs.title' key in 'en' locale messages.
[intlify] Not found 'admin.orgs.name' key in 'en' locale messages.
[intlify] Not found 'admin.orgs.creator' key in 'en' locale messages.
[intlify] Not found 'admin.users.created' key in 'en' locale messages.
[intlify] Not found 'admin.orgs.deleted' key in 'en' locale messages.
[intlify] Not found 'admin.users.actions' key in 'en' locale messages.
[intlify] Not found 'admin.orgs.forceDelete' key in 'en' locale messages.
[intlify] Not found 'admin.orgs.forceTransfer' key in 'en' locale messages.
[intlify] Not found 'admin.orgs.forceDelete' key in 'en' locale messages.
[intlify] Not found 'admin.orgs.forceTransfer' key in 'en' locale messages.

 [32m✓[39m src/slices/admin/__tests__/AdminOrgsView.test.ts [2m([22m[2m2 tests[22m[2m)[22m[33m 363[2mms[22m[39m
[90mstderr[2m | src/slices/conversation/__tests__/ChatroomView.test.ts[2m > [22m[2mChatroomView[2m > [22m[2mrenders without errors
[22m[39m[intlify] Not found 'conversation.chatroom.offline' key in 'en' locale messages.
[intlify] Not found 'conversation.chatroom.searchPlaceholder' key in 'en' locale messages.
[intlify] Not found 'conversation.chatroom.export' key in 'en' locale messages.
[intlify] Not found 'conversation.chatroom.online' key in 'en' locale messages.
[intlify] Not found 'conversation.chatroom.composerPlaceholder' key in 'en' locale messages.
[intlify] Not found 'conversation.chatroom.send' key in 'en' locale messages.

[90mstderr[2m | src/slices/conversation/__tests__/ChatroomView.test.ts[2m > [22m[2mChatroomView[2m > [22m[2mcontains the message list and composer form
[22m[39m[intlify] Not found 'conversation.chatroom.offline' key in 'en' locale messages.
[intlify] Not found 'conversation.chatroom.searchPlaceholder' key in 'en' locale messages.
[intlify] Not found 'conversation.chatroom.export' key in 'en' locale messages.
[intlify] Not found 'conversation.chatroom.online' key in 'en' locale messages.
[intlify] Not found 'conversation.chatroom.composerPlaceholder' key in 'en' locale messages.
[intlify] Not found 'conversation.chatroom.send' key in 'en' locale messages.

[90mstderr[2m | src/slices/conversation/__tests__/ChatroomView.test.ts[2m > [22m[2mChatroomView
[22m[39m[intlify] Not found 'conversation.chatroom.offline' key in 'en' locale messages.
[intlify] Not found 'conversation.chatroom.searchPlaceholder' key in 'en' locale messages.
[intlify] Not found 'conversation.chatroom.export' key in 'en' locale messages.
[intlify] Not found 'conversation.chatroom.online' key in 'en' locale messages.
[intlify] Not found 'conversation.chatroom.composerPlaceholder' key in 'en' locale messages.
[intlify] Not found 'conversation.chatroom.send' key in 'en' locale messages.

[90mstderr[2m | src/slices/conversation/__tests__/ChatroomView.test.ts
[22m[39m[intlify] Not found 'conversation.chatroom.offline' key in 'en' locale messages.
[intlify] Not found 'conversation.chatroom.searchPlaceholder' key in 'en' locale messages.
[intlify] Not found 'conversation.chatroom.export' key in 'en' locale messages.
[intlify] Not found 'conversation.chatroom.online' key in 'en' locale messages.
[intlify] Not found 'conversation.chatroom.composerPlaceholder' key in 'en' locale messages.
[intlify] Not found 'conversation.chatroom.send' key in 'en' locale messages.

 [32m✓[39m src/slices/conversation/__tests__/ChatroomView.test.ts [2m([22m[2m2 tests[22m[2m)[22m[33m 346[2mms[22m[39m
[90mstderr[2m | src/slices/tenancy/__tests__/OrgMembersView.test.ts[2m > [22m[2mOrgMembersView[2m > [22m[2mrenders without errors
[22m[39m[intlify] Not found 'tenancy.members.title' key in 'en' locale messages.
[intlify] Not found 'tenancy.members.inviteLabel' key in 'en' locale messages.
[intlify] Not found 'tenancy.members.roleMember' key in 'en' locale messages.
[intlify] Not found 'tenancy.members.roleOwner' key in 'en' locale messages.
[intlify] Not found 'tenancy.members.invite' key in 'en' locale messages.

[90mstderr[2m | src/slices/tenancy/__tests__/OrgMembersView.test.ts[2m > [22m[2mOrgMembersView[2m > [22m[2mcontains an invite form with email input and role select
[22m[39m[intlify] Not found 'tenancy.members.title' key in 'en' locale messages.
[intlify] Not found 'tenancy.members.inviteLabel' key in 'en' locale messages.
[intlify] Not found 'tenancy.members.roleMember' key in 'en' locale messages.
[intlify] Not found 'tenancy.members.roleOwner' key in 'en' locale messages.
[intlify] Not found 'tenancy.members.invite' key in 'en' locale messages.
[intlify] Not found 'tenancy.members.title' key in 'en' locale messages.
[intlify] Not found 'tenancy.members.inviteLabel' key in 'en' locale messages.
[intlify] Not found 'tenancy.members.roleMember' key in 'en' locale messages.
[intlify] Not found 'tenancy.members.roleOwner' key in 'en' locale messages.
[intlify] Not found 'tenancy.members.invite' key in 'en' locale messages.

[90mstderr[2m | src/slices/tenancy/__tests__/OrgMembersView.test.ts
[22m[39m[intlify] Not found 'tenancy.members.title' key in 'en' locale messages.
[intlify] Not found 'tenancy.members.inviteLabel' key in 'en' locale messages.
[intlify] Not found 'tenancy.members.roleMember' key in 'en' locale messages.
[intlify] Not found 'tenancy.members.roleOwner' key in 'en' locale messages.
[intlify] Not found 'tenancy.members.invite' key in 'en' locale messages.

 [32m✓[39m src/slices/tenancy/__tests__/OrgMembersView.test.ts [2m([22m[2m2 tests[22m[2m)[22m[90m 187[2mms[22m[39m
[90mstderr[2m | src/app/__tests__/Landing.test.ts[2m > [22m[2mLanding[2m > [22m[2mrenders without errors
[22m[39m[intlify] Not found 'app.title' key in 'en' locale messages.
[intlify] Not found 'app.landingMessage' key in 'en' locale messages.

[90mstderr[2m | src/app/__tests__/Landing.test.ts[2m > [22m[2mLanding[2m > [22m[2mdisplays the i18n title and message
[22m[39m[intlify] Not found 'app.title' key in 'en' locale messages.
[intlify] Not found 'app.landingMessage' key in 'en' locale messages.

 [32m✓[39m src/app/__tests__/Landing.test.ts [2m([22m[2m2 tests[22m[2m)[22m[90m 46[2mms[22m[39m
[90mstderr[2m | src/slices/admin/__tests__/AdminOpsView.test.ts[2m > [22m[2mAdminOpsView[2m > [22m[2mrenders without errors
[22m[39m[intlify] Not found 'admin.ops.title' key in 'en' locale messages.
[intlify] Not found 'admin.ops.graphragReset' key in 'en' locale messages.
[intlify] Not found 'admin.ops.configIdPlaceholder' key in 'en' locale messages.
[intlify] Not found 'admin.ops.reset' key in 'en' locale messages.
[intlify] Not found 'admin.ops.restore' key in 'en' locale messages.
[intlify] Not found 'admin.ops.typeOrg' key in 'en' locale messages.
[intlify] Not found 'admin.ops.typeProject' key in 'en' locale messages.
[intlify] Not found 'admin.ops.typeAgent' key in 'en' locale messages.
[intlify] Not found 'admin.ops.typeWorkflow' key in 'en' locale messages.
[intlify] Not found 'admin.ops.typeChatroom' key in 'en' locale messages.
[intlify] Not found 'admin.ops.typeUser' key in 'en' locale messages.
[intlify] Not found 'admin.ops.resourceIdPlaceholder' key in 'en' locale messages.
[intlify] Not found 'admin.ops.restoreAction' key in 'en' locale messages.

[90mstderr[2m | src/slices/admin/__tests__/AdminOpsView.test.ts[2m > [22m[2mAdminOpsView[2m > [22m[2mrenders GraphRAG reset form and resource restore form
[22m[39m[intlify] Not found 'admin.ops.title' key in 'en' locale messages.
[intlify] Not found 'admin.ops.graphragReset' key in 'en' locale messages.
[intlify] Not found 'admin.ops.configIdPlaceholder' key in 'en' locale messages.
[intlify] Not found 'admin.ops.reset' key in 'en' locale messages.
[intlify] Not found 'admin.ops.restore' key in 'en' locale messages.
[intlify] Not found 'admin.ops.typeOrg' key in 'en' locale messages.
[intlify] Not found 'admin.ops.typeProject' key in 'en' locale messages.
[intlify] Not found 'admin.ops.typeAgent' key in 'en' locale messages.
[intlify] Not found 'admin.ops.typeWorkflow' key in 'en' locale messages.
[intlify] Not found 'admin.ops.typeChatroom' key in 'en' locale messages.
[intlify] Not found 'admin.ops.typeUser' key in 'en' locale messages.
[intlify] Not found 'admin.ops.resourceIdPlaceholder' key in 'en' locale messages.
[intlify] Not found 'admin.ops.restoreAction' key in 'en' locale messages.

 [32m✓[39m src/slices/admin/__tests__/AdminOpsView.test.ts [2m([22m[2m2 tests[22m[2m)[22m[90m 65[2mms[22m[39m

[31m⎯⎯⎯⎯⎯⎯⎯[1m[7m Failed Tests 4 [27m[22m⎯⎯⎯⎯⎯⎯⎯[39m

[31m[1m[7m FAIL [27m[22m[39m src/slices/conversation/__tests__/ChatroomSettingsView.test.ts[2m > [22mChatroomSettingsView[2m > [22mshows the settings section once chatroom data loads
[31m[1mAssertionError[22m: expected false to be true // Object.is equality[39m

[32m- Expected[39m
[31m+ Received[39m

[32m- true[39m
[31m+ false[39m

[36m [2m❯[22m src/slices/conversation/__tests__/ChatroomSettingsView.test.ts:[2m40:46[22m[39m
    [90m 38| [39m    [90m// not be present depending on fetch timing. Verify the wrapper at[39m…
    [90m 39| [39m    [90m// contains the root element.[39m
    [90m 40| [39m    [34mexpect[39m(wrapper[33m.[39m[34mfind[39m([32m'section'[39m)[33m.[39m[34mexists[39m())[33m.[39m[34mtoBe[39m([35mtrue[39m)
    [90m   | [39m                                             [31m^[39m
    [90m 41| [39m  })
    [90m 42| [39m})

[31m[2m⎯⎯⎯⎯⎯⎯⎯⎯⎯⎯⎯⎯⎯⎯⎯⎯⎯⎯⎯⎯⎯⎯⎯⎯[1/4]⎯[22m[39m

[31m[1m[7m FAIL [27m[22m[39m src/slices/identity/__tests__/PasswordResetRequestView.test.ts[2m > [22mPasswordResetRequestView[2m > [22mshows success message after submit
[31m[1mAssertionError[22m: expected true to be false // Object.is equality[39m

[32m- Expected[39m
[31m+ Received[39m

[32m- false[39m
[31m+ true[39m

[36m [2m❯[22m src/slices/identity/__tests__/PasswordResetRequestView.test.ts:[2m28:43[22m[39m
    [90m 26| [39m    [35mawait[39m wrapper[33m.[39m[34mfind[39m([32m'form'[39m)[33m.[39m[34mtrigger[39m([32m'submit'[39m)
    [90m 27| [39m    [35mawait[39m [34mflushPromises[39m()
    [90m 28| [39m    [34mexpect[39m(wrapper[33m.[39m[34mfind[39m([32m'form'[39m)[33m.[39m[34mexists[39m())[33m.[39m[34mtoBe[39m([35mfalse[39m)
    [90m   | [39m                                          [31m^[39m
    [90m 29| [39m  })
    [90m 30| [39m})

[31m[2m⎯⎯⎯⎯⎯⎯⎯⎯⎯⎯⎯⎯⎯⎯⎯⎯⎯⎯⎯⎯⎯⎯⎯⎯[2/4]⎯[22m[39m

[31m[1m[7m FAIL [27m[22m[39m src/slices/identity/__tests__/SessionsView.test.ts[2m > [22mSessionsView[2m > [22mlists sessions and shows revoke button for non-current
[31m[1mAssertionError[22m: expected 1 to be 2 // Object.is equality[39m

[32m- Expected[39m
[31m+ Received[39m

[32m- 2[39m
[31m+ 1[39m

[36m [2m❯[22m src/slices/identity/__tests__/SessionsView.test.ts:[2m25:26[22m[39m
    [90m 23| [39m    [35mawait[39m [34mflushPromises[39m()
    [90m 24| [39m    [35mconst[39m items [33m=[39m wrapper[33m.[39m[34mfindAll[39m([32m'li'[39m)
    [90m 25| [39m    [34mexpect[39m(items[33m.[39mlength)[33m.[39m[34mtoBe[39m([34m2[39m)
    [90m   | [39m                         [31m^[39m
    [90m 26| [39m    [34mexpect[39m(items[[34m0[39m][33m.[39m[34mfind[39m([32m'button'[39m)[33m.[39m[34mexists[39m())[33m.[39m[34mtoBe[39m([35mfalse[39m)
    [90m 27| [39m    [34mexpect[39m(items[[34m1[39m][33m.[39m[34mfind[39m([32m'button'[39m)[33m.[39m[34mexists[39m())[33m.[39m[34mtoBe[39m([35mtrue[39m)

[31m[2m⎯⎯⎯⎯⎯⎯⎯⎯⎯⎯⎯⎯⎯⎯⎯⎯⎯⎯⎯⎯⎯⎯⎯⎯[3/4]⎯[22m[39m

[31m[1m[7m FAIL [27m[22m[39m src/slices/keys/__tests__/KeyGroupDetailView.test.ts[2m > [22mKeyGroupDetailView[2m > [22mshows add-member form controls
[31m[1mAssertionError[22m: expected false to be true // Object.is equality[39m

[32m- Expected[39m
[31m+ Received[39m

[32m- true[39m
[31m+ false[39m

[36m [2m❯[22m src/slices/keys/__tests__/KeyGroupDetailView.test.ts:[2m29:72[22m[39m
    [90m 27| [39m    [35mawait[39m [35mnew[39m [33mPromise[39m((r) [33m=>[39m [34msetTimeout[39m(r[33m,[39m [34m50[39m))
    [90m 28| [39m    [35mawait[39m wrapper[33m.[39mvm[33m.[39m[34m$nextTick[39m()
    [90m 29| [39m    [34mexpect[39m(wrapper[33m.[39m[34mfind[39m([32m'[data-testid="add-member-select"]'[39m)[33m.[39m[34mexists[39m())…
    [90m   | [39m                                                                       [31m^[39m
    [90m 30| [39m    [34mexpect[39m(wrapper[33m.[39m[34mfind[39m([32m'[data-testid="add-member"]'[39m)[33m.[39m[34mexists[39m())[33m.[39m[34mtoBe[39m([35mt[39m…
    [90m 31| [39m  })

[31m[2m⎯⎯⎯⎯⎯⎯⎯⎯⎯⎯⎯⎯⎯⎯⎯⎯⎯⎯⎯⎯⎯⎯⎯⎯[4/4]⎯[22m[39m

[31m⎯⎯⎯⎯⎯⎯[1m[7m Unhandled Errors [27m[22m⎯⎯⎯⎯⎯⎯[39m
[31m[1m
Vitest caught 8 unhandled errors during the test run.
This might cause false positive tests. Resolve unhandled errors to make sure your tests are not affected.[22m[39m

[31m⎯⎯⎯⎯[1m[7m Unhandled Rejection [27m[22m⎯⎯⎯⎯⎯[39m
[31m[1mNetworkError[22m: Network Error[39m
[36m [2m❯[22m src/shared/transport/axios.ts:[2m86:13[22m[39m
    [90m 84| [39m    [90m// Network error (no response at all)[39m
    [90m 85| [39m    [35mif[39m ([33m![39merror[33m.[39mresponse) {
    [90m 86| [39m      [35mthrow[39m [35mnew[39m [33mNetworkError[39m(error[33m.[39mmessage [33m||[39m [32m'Network request failed'[39m)
    [90m   | [39m            [31m^[39m
    [90m 87| [39m    }
    [90m 88| [39m
[90m [2m❯[22m processTicksAndRejections node:internal/process/task_queues:[2m105:5[22m[39m
[90m [2m❯[22m Axios.request ../node_modules/.pnpm/axios@1.15.0/node_modules/axios/lib/core/Axios.js:[2m41:14[22m[39m
[90m [2m❯[22m submit src/slices/identity/views/PasswordResetRequestView.vue:[2m14:5[22m[39m

[31m[2m⎯⎯⎯⎯⎯⎯⎯⎯⎯⎯⎯⎯⎯⎯⎯⎯⎯⎯⎯⎯⎯⎯⎯⎯⎯⎯⎯⎯⎯⎯[22m[39m
[31m[1mSerialized Error:[22m[39m [90m{ title: 'Network Error', status: +0, detail: 'Network Error', instance: undefined, extra: {} }[39m
[31mThis error originated in "[1msrc/slices/identity/__tests__/PasswordResetRequestView.test.ts[22m" test file. It doesn't mean the error was thrown inside the file itself, but while it was running.[39m

[31m⎯⎯⎯⎯[1m[7m Unhandled Rejection [27m[22m⎯⎯⎯⎯⎯[39m
[31m[1mError[22m: Missing required param "userId"[39m
[90m [2m❯[22m Object.stringify ../node_modules/.pnpm/vue-router@4.4.5_vue@3.5.13_typescript@5.6.3_/node_modules/vue-router/dist/vue-router.mjs:[2m1143:35[22m[39m
[90m [2m❯[22m Object.resolve ../node_modules/.pnpm/vue-router@4.4.5_vue@3.5.13_typescript@5.6.3_/node_modules/vue-router/dist/vue-router.mjs:[2m1594:28[22m[39m
[90m [2m❯[22m Object.resolve ../node_modules/.pnpm/vue-router@4.4.5_vue@3.5.13_typescript@5.6.3_/node_modules/vue-router/dist/vue-router.mjs:[2m3181:38[22m[39m
[90m [2m❯[22m ComputedRefImpl.fn ../node_modules/.pnpm/vue-router@4.4.5_vue@3.5.13_typescript@5.6.3_/node_modules/vue-router/dist/vue-router.mjs:[2m2267:23[22m[39m
[90m [2m❯[22m refreshComputed ../node_modules/.pnpm/@vue+reactivity@3.5.13/node_modules/@vue/reactivity/dist/reactivity.cjs.js:[2m384:28[22m[39m
[90m [2m❯[22m ComputedRefImpl.get value [as value] ../node_modules/.pnpm/@vue+reactivity@3.5.13/node_modules/@vue/reactivity/dist/reactivity.cjs.js:[2m1625:5[22m[39m
[90m [2m❯[22m useLink ../node_modules/.pnpm/vue-router@4.4.5_vue@3.5.13_typescript@5.6.3_/node_modules/vue-router/dist/vue-router.mjs:[2m2311:30[22m[39m
[90m [2m❯[22m setup ../node_modules/.pnpm/vue-router@4.4.5_vue@3.5.13_typescript@5.6.3_/node_modules/vue-router/dist/vue-router.mjs:[2m2361:31[22m[39m
[90m [2m❯[22m callWithErrorHandling ../node_modules/.pnpm/@vue+runtime-core@3.5.13/node_modules/@vue/runtime-core/dist/runtime-core.cjs.js:[2m200:19[22m[39m
[90m [2m❯[22m setupStatefulComponent ../node_modules/.pnpm/@vue+runtime-core@3.5.13/node_modules/@vue/runtime-core/dist/runtime-core.cjs.js:[2m7848:25[22m[39m

[31mThis error originated in "[1msrc/slices/admin/__tests__/AdminUsersView.test.ts[22m" test file. It doesn't mean the error was thrown inside the file itself, but while it was running.[39m
[31mThe latest test that might've caused the error is "[1mdisplays user rows when data is loaded[22m". It might mean one of the following:
- The error was thrown, while Vitest was running this test.
- If the error occurred after the test had been completed, this was the last documented test before it was thrown.[39m

[31m⎯⎯⎯⎯[1m[7m Unhandled Rejection [27m[22m⎯⎯⎯⎯⎯[39m
[31m[1mError[22m: Missing required param "userId"[39m
[90m [2m❯[22m Object.stringify ../node_modules/.pnpm/vue-router@4.4.5_vue@3.5.13_typescript@5.6.3_/node_modules/vue-router/dist/vue-router.mjs:[2m1143:35[22m[39m
[90m [2m❯[22m Object.resolve ../node_modules/.pnpm/vue-router@4.4.5_vue@3.5.13_typescript@5.6.3_/node_modules/vue-router/dist/vue-router.mjs:[2m1594:28[22m[39m
[90m [2m❯[22m Object.resolve ../node_modules/.pnpm/vue-router@4.4.5_vue@3.5.13_typescript@5.6.3_/node_modules/vue-router/dist/vue-router.mjs:[2m3181:38[22m[39m
[90m [2m❯[22m ComputedRefImpl.fn ../node_modules/.pnpm/vue-router@4.4.5_vue@3.5.13_typescript@5.6.3_/node_modules/vue-router/dist/vue-router.mjs:[2m2267:23[22m[39m
[90m [2m❯[22m refreshComputed ../node_modules/.pnpm/@vue+reactivity@3.5.13/node_modules/@vue/reactivity/dist/reactivity.cjs.js:[2m384:28[22m[39m
[90m [2m❯[22m ComputedRefImpl.get value [as value] ../node_modules/.pnpm/@vue+reactivity@3.5.13/node_modules/@vue/reactivity/dist/reactivity.cjs.js:[2m1625:5[22m[39m
[90m [2m❯[22m useLink ../node_modules/.pnpm/vue-router@4.4.5_vue@3.5.13_typescript@5.6.3_/node_modules/vue-router/dist/vue-router.mjs:[2m2311:30[22m[39m
[90m [2m❯[22m setup ../node_modules/.pnpm/vue-router@4.4.5_vue@3.5.13_typescript@5.6.3_/node_modules/vue-router/dist/vue-router.mjs:[2m2361:31[22m[39m
[90m [2m❯[22m callWithErrorHandling ../node_modules/.pnpm/@vue+runtime-core@3.5.13/node_modules/@vue/runtime-core/dist/runtime-core.cjs.js:[2m200:19[22m[39m
[90m [2m❯[22m setupStatefulComponent ../node_modules/.pnpm/@vue+runtime-core@3.5.13/node_modules/@vue/runtime-core/dist/runtime-core.cjs.js:[2m7848:25[22m[39m

[31mThis error originated in "[1msrc/slices/admin/__tests__/AdminUsersView.test.ts[22m" test file. It doesn't mean the error was thrown inside the file itself, but while it was running.[39m
[31mThe latest test that might've caused the error is "[1mdisplays user rows when data is loaded[22m". It might mean one of the following:
- The error was thrown, while Vitest was running this test.
- If the error occurred after the test had been completed, this was the last documented test before it was thrown.[39m

[31m⎯⎯⎯⎯[1m[7m Unhandled Rejection [27m[22m⎯⎯⎯⎯⎯[39m
[31m[1mTypeError[22m: Cannot read properties of undefined (reading 'length')[39m
[36m [2m❯[22m Proxy._sfc_render src/slices/admin/views/AdminUserDetailView.vue:[2m17:81[22m[39m
    [90m 15| [39m      <dt>{{ $t('admin.userDetail.lastLogin') }}</dt><dd>{{ query.data…
    [90m 16| [39m      <dt>{{ $t('admin.users.created') }}</dt><dd>{{ query.data.value.…
    [90m 17| [39m      <dt>{{ $t('admin.userDetail.orgs') }}</dt><dd>{{ query.data.valu…
    [90m   | [39m                                                                                [31m^[39m
    [90m 18| [39m      <dt>{{ $t('admin.userDetail.projects') }}</dt><dd>{{ query.data.…
    [90m 19| [39m    </dl>
[90m [2m❯[22m renderComponentRoot ../node_modules/.pnpm/@vue+runtime-core@3.5.13/node_modules/@vue/runtime-core/dist/runtime-core.cjs.js:[2m6445:16[22m[39m
[90m [2m❯[22m ReactiveEffect.componentUpdateFn [as fn] ../node_modules/.pnpm/@vue+runtime-core@3.5.13/node_modules/@vue/runtime-core/dist/runtime-core.cjs.js:[2m5340:26[22m[39m
[90m [2m❯[22m ReactiveEffect.run ../node_modules/.pnpm/@vue+reactivity@3.5.13/node_modules/@vue/reactivity/dist/reactivity.cjs.js:[2m229:19[22m[39m
[90m [2m❯[22m ReactiveEffect.runIfDirty ../node_modules/.pnpm/@vue+reactivity@3.5.13/node_modules/@vue/reactivity/dist/reactivity.cjs.js:[2m267:12[22m[39m
[90m [2m❯[22m callWithErrorHandling ../node_modules/.pnpm/@vue+runtime-core@3.5.13/node_modules/@vue/runtime-core/dist/runtime-core.cjs.js:[2m200:33[22m[39m
[90m [2m❯[22m flushJobs ../node_modules/.pnpm/@vue+runtime-core@3.5.13/node_modules/@vue/runtime-core/dist/runtime-core.cjs.js:[2m405:9[22m[39m
[90m [2m❯[22m processTicksAndRejections node:internal/process/task_queues:[2m105:5[22m[39m

[31mThis error originated in "[1msrc/slices/admin/__tests__/AdminUserDetailView.test.ts[22m" test file. It doesn't mean the error was thrown inside the file itself, but while it was running.[39m
[31mThe latest test that might've caused the error is "[1mshows user email and action buttons when loaded[22m". It might mean one of the following:
- The error was thrown, while Vitest was running this test.
- If the error occurred after the test had been completed, this was the last documented test before it was thrown.[39m

[31m⎯⎯⎯⎯[1m[7m Unhandled Rejection [27m[22m⎯⎯⎯⎯⎯[39m
[31m[1mError[22m: Missing required param "workspaceId"[39m
[90m [2m❯[22m Object.stringify ../node_modules/.pnpm/vue-router@4.4.5_vue@3.5.13_typescript@5.6.3_/node_modules/vue-router/dist/vue-router.mjs:[2m1143:35[22m[39m
[90m [2m❯[22m Object.resolve ../node_modules/.pnpm/vue-router@4.4.5_vue@3.5.13_typescript@5.6.3_/node_modules/vue-router/dist/vue-router.mjs:[2m1594:28[22m[39m
[90m [2m❯[22m Object.resolve ../node_modules/.pnpm/vue-router@4.4.5_vue@3.5.13_typescript@5.6.3_/node_modules/vue-router/dist/vue-router.mjs:[2m3181:38[22m[39m
[90m [2m❯[22m ComputedRefImpl.fn ../node_modules/.pnpm/vue-router@4.4.5_vue@3.5.13_typescript@5.6.3_/node_modules/vue-router/dist/vue-router.mjs:[2m2267:23[22m[39m
[90m [2m❯[22m refreshComputed ../node_modules/.pnpm/@vue+reactivity@3.5.13/node_modules/@vue/reactivity/dist/reactivity.cjs.js:[2m384:28[22m[39m
[90m [2m❯[22m ComputedRefImpl.get value [as value] ../node_modules/.pnpm/@vue+reactivity@3.5.13/node_modules/@vue/reactivity/dist/reactivity.cjs.js:[2m1625:5[22m[39m
[90m [2m❯[22m useLink ../node_modules/.pnpm/vue-router@4.4.5_vue@3.5.13_typescript@5.6.3_/node_modules/vue-router/dist/vue-router.mjs:[2m2311:30[22m[39m
[90m [2m❯[22m setup ../node_modules/.pnpm/vue-router@4.4.5_vue@3.5.13_typescript@5.6.3_/node_modules/vue-router/dist/vue-router.mjs:[2m2361:31[22m[39m
[90m [2m❯[22m callWithErrorHandling ../node_modules/.pnpm/@vue+runtime-core@3.5.13/node_modules/@vue/runtime-core/dist/runtime-core.cjs.js:[2m200:19[22m[39m
[90m [2m❯[22m setupStatefulComponent ../node_modules/.pnpm/@vue+runtime-core@3.5.13/node_modules/@vue/runtime-core/dist/runtime-core.cjs.js:[2m7848:25[22m[39m

[31mThis error originated in "[1msrc/slices/workflow/__tests__/WorkflowRunView.test.ts[22m" test file. It doesn't mean the error was thrown inside the file itself, but while it was running.[39m
[31mThe latest test that might've caused the error is "[1msrc/slices/workflow/__tests__/WorkflowRunView.test.ts[22m". It might mean one of the following:
- The error was thrown, while Vitest was running this test.
- If the error occurred after the test had been completed, this was the last documented test before it was thrown.[39m

[31m⎯⎯⎯⎯[1m[7m Unhandled Rejection [27m[22m⎯⎯⎯⎯⎯[39m
[31m[1mTypeError[22m: instance.update is not a function[39m
[90m [2m❯[22m updateComponent ../node_modules/.pnpm/@vue+runtime-core@3.5.13/node_modules/@vue/runtime-core/dist/runtime-core.cjs.js:[2m5201:18[22m[39m
[90m [2m❯[22m processComponent ../node_modules/.pnpm/@vue+runtime-core@3.5.13/node_modules/@vue/runtime-core/dist/runtime-core.cjs.js:[2m5136:7[22m[39m
[90m [2m❯[22m patch ../node_modules/.pnpm/@vue+runtime-core@3.5.13/node_modules/@vue/runtime-core/dist/runtime-core.cjs.js:[2m4654:11[22m[39m
[90m [2m❯[22m patchBlockChildren ../node_modules/.pnpm/@vue+runtime-core@3.5.13/node_modules/@vue/runtime-core/dist/runtime-core.cjs.js:[2m5008:7[22m[39m
[90m [2m❯[22m patchElement ../node_modules/.pnpm/@vue+runtime-core@3.5.13/node_modules/@vue/runtime-core/dist/runtime-core.cjs.js:[2m4926:7[22m[39m
[90m [2m❯[22m processElement ../node_modules/.pnpm/@vue+runtime-core@3.5.13/node_modules/@vue/runtime-core/dist/runtime-core.cjs.js:[2m4785:7[22m[39m
[90m [2m❯[22m patch ../node_modules/.pnpm/@vue+runtime-core@3.5.13/node_modules/@vue/runtime-core/dist/runtime-core.cjs.js:[2m4642:11[22m[39m
[90m [2m❯[22m ReactiveEffect.componentUpdateFn [as fn] ../node_modules/.pnpm/@vue+runtime-core@3.5.13/node_modules/@vue/runtime-core/dist/runtime-core.cjs.js:[2m5349:9[22m[39m
[90m [2m❯[22m ReactiveEffect.run ../node_modules/.pnpm/@vue+reactivity@3.5.13/node_modules/@vue/reactivity/dist/reactivity.cjs.js:[2m229:19[22m[39m
[90m [2m❯[22m ReactiveEffect.runIfDirty ../node_modules/.pnpm/@vue+reactivity@3.5.13/node_modules/@vue/reactivity/dist/reactivity.cjs.js:[2m267:12[22m[39m

[31mThis error originated in "[1msrc/slices/workflow/__tests__/WorkflowRunView.test.ts[22m" test file. It doesn't mean the error was thrown inside the file itself, but while it was running.[39m
[31mThe latest test that might've caused the error is "[1msrc/slices/workflow/__tests__/WorkflowRunView.test.ts[22m". It might mean one of the following:
- The error was thrown, while Vitest was running this test.
- If the error occurred after the test had been completed, this was the last documented test before it was thrown.[39m

[31m⎯⎯⎯⎯[1m[7m Unhandled Rejection [27m[22m⎯⎯⎯⎯⎯[39m
[31m[1mError[22m: Missing required param "workspaceId"[39m
[90m [2m❯[22m Object.stringify ../node_modules/.pnpm/vue-router@4.4.5_vue@3.5.13_typescript@5.6.3_/node_modules/vue-router/dist/vue-router.mjs:[2m1143:35[22m[39m
[90m [2m❯[22m Object.resolve ../node_modules/.pnpm/vue-router@4.4.5_vue@3.5.13_typescript@5.6.3_/node_modules/vue-router/dist/vue-router.mjs:[2m1594:28[22m[39m
[90m [2m❯[22m Object.resolve ../node_modules/.pnpm/vue-router@4.4.5_vue@3.5.13_typescript@5.6.3_/node_modules/vue-router/dist/vue-router.mjs:[2m3181:38[22m[39m
[90m [2m❯[22m ComputedRefImpl.fn ../node_modules/.pnpm/vue-router@4.4.5_vue@3.5.13_typescript@5.6.3_/node_modules/vue-router/dist/vue-router.mjs:[2m2267:23[22m[39m
[90m [2m❯[22m refreshComputed ../node_modules/.pnpm/@vue+reactivity@3.5.13/node_modules/@vue/reactivity/dist/reactivity.cjs.js:[2m384:28[22m[39m
[90m [2m❯[22m ComputedRefImpl.get value [as value] ../node_modules/.pnpm/@vue+reactivity@3.5.13/node_modules/@vue/reactivity/dist/reactivity.cjs.js:[2m1625:5[22m[39m
[90m [2m❯[22m useLink ../node_modules/.pnpm/vue-router@4.4.5_vue@3.5.13_typescript@5.6.3_/node_modules/vue-router/dist/vue-router.mjs:[2m2311:30[22m[39m
[90m [2m❯[22m setup ../node_modules/.pnpm/vue-router@4.4.5_vue@3.5.13_typescript@5.6.3_/node_modules/vue-router/dist/vue-router.mjs:[2m2361:31[22m[39m
[90m [2m❯[22m callWithErrorHandling ../node_modules/.pnpm/@vue+runtime-core@3.5.13/node_modules/@vue/runtime-core/dist/runtime-core.cjs.js:[2m200:19[22m[39m
[90m [2m❯[22m setupStatefulComponent ../node_modules/.pnpm/@vue+runtime-core@3.5.13/node_modules/@vue/runtime-core/dist/runtime-core.cjs.js:[2m7848:25[22m[39m

[31mThis error originated in "[1msrc/slices/workflow/__tests__/WorkflowRunView.test.ts[22m" test file. It doesn't mean the error was thrown inside the file itself, but while it was running.[39m
[31mThe latest test that might've caused the error is "[1msrc/slices/workflow/__tests__/WorkflowRunView.test.ts[22m". It might mean one of the following:
- The error was thrown, while Vitest was running this test.
- If the error occurred after the test had been completed, this was the last documented test before it was thrown.[39m

[31m⎯⎯⎯⎯[1m[7m Unhandled Rejection [27m[22m⎯⎯⎯⎯⎯[39m
[31m[1mTypeError[22m: instance.update is not a function[39m
[90m [2m❯[22m updateComponent ../node_modules/.pnpm/@vue+runtime-core@3.5.13/node_modules/@vue/runtime-core/dist/runtime-core.cjs.js:[2m5201:18[22m[39m
[90m [2m❯[22m processComponent ../node_modules/.pnpm/@vue+runtime-core@3.5.13/node_modules/@vue/runtime-core/dist/runtime-core.cjs.js:[2m5136:7[22m[39m
[90m [2m❯[22m patch ../node_modules/.pnpm/@vue+runtime-core@3.5.13/node_modules/@vue/runtime-core/dist/runtime-core.cjs.js:[2m4654:11[22m[39m
[90m [2m❯[22m patchBlockChildren ../node_modules/.pnpm/@vue+runtime-core@3.5.13/node_modules/@vue/runtime-core/dist/runtime-core.cjs.js:[2m5008:7[22m[39m
[90m [2m❯[22m patchElement ../node_modules/.pnpm/@vue+runtime-core@3.5.13/node_modules/@vue/runtime-core/dist/runtime-core.cjs.js:[2m4926:7[22m[39m
[90m [2m❯[22m processElement ../node_modules/.pnpm/@vue+runtime-core@3.5.13/node_modules/@vue/runtime-core/dist/runtime-core.cjs.js:[2m4785:7[22m[39m
[90m [2m❯[22m patch ../node_modules/.pnpm/@vue+runtime-core@3.5.13/node_modules/@vue/runtime-core/dist/runtime-core.cjs.js:[2m4642:11[22m[39m
[90m [2m❯[22m ReactiveEffect.componentUpdateFn [as fn] ../node_modules/.pnpm/@vue+runtime-core@3.5.13/node_modules/@vue/runtime-core/dist/runtime-core.cjs.js:[2m5349:9[22m[39m
[90m [2m❯[22m ReactiveEffect.run ../node_modules/.pnpm/@vue+reactivity@3.5.13/node_modules/@vue/reactivity/dist/reactivity.cjs.js:[2m229:19[22m[39m
[90m [2m❯[22m ReactiveEffect.runIfDirty ../node_modules/.pnpm/@vue+reactivity@3.5.13/node_modules/@vue/reactivity/dist/reactivity.cjs.js:[2m267:12[22m[39m

[31mThis error originated in "[1msrc/slices/workflow/__tests__/WorkflowRunView.test.ts[22m" test file. It doesn't mean the error was thrown inside the file itself, but while it was running.[39m
[31mThe latest test that might've caused the error is "[1msrc/slices/workflow/__tests__/WorkflowRunView.test.ts[22m". It might mean one of the following:
- The error was thrown, while Vitest was running this test.
- If the error occurred after the test had been completed, this was the last documented test before it was thrown.[39m
[31m⎯⎯⎯⎯⎯⎯⎯⎯⎯⎯⎯⎯⎯⎯⎯⎯⎯⎯⎯⎯⎯⎯⎯⎯⎯⎯⎯⎯⎯⎯[39m

[2m Test Files [22m [1m[31m4 failed[39m[22m[2m | [22m[1m[32m47 passed[39m[22m[90m (51)[39m
[2m      Tests [22m [1m[31m4 failed[39m[22m[2m | [22m[1m[32m117 passed[39m[22m[90m (121)[39m
[2m     Errors [22m [1m[31m8 errors[39m[22m
[2m   Start at [22m 10:27:22
[2m   Duration [22m 37.68s[2m (transform 12.37s, setup 17.65s, collect 302.94s, tests 19.25s, environment 133.52s, prepare 22.13s)[22m

